Archive member included to satisfy reference by file (symbol)

/Users/daymoon/Documents/workspace/stm32f0_stdperiph_lib/Debug/libstm32f0_stdperiph_lib.a(stm32f0xx_adc.o)
                              src/powerbit.o (ADC_DeInit)
/Users/daymoon/Documents/workspace/stm32f0_stdperiph_lib/Debug/libstm32f0_stdperiph_lib.a(stm32f0xx_dma.o)
                              src/powerbit.o (DMA_DeInit)
/Users/daymoon/Documents/workspace/stm32f0_stdperiph_lib/Debug/libstm32f0_stdperiph_lib.a(stm32f0xx_exti.o)
                              src/shoot.o (EXTI_Init)
/Users/daymoon/Documents/workspace/stm32f0_stdperiph_lib/Debug/libstm32f0_stdperiph_lib.a(stm32f0xx_gpio.o)
                              src/leds.o (GPIO_Init)
/Users/daymoon/Documents/workspace/stm32f0_stdperiph_lib/Debug/libstm32f0_stdperiph_lib.a(stm32f0xx_misc.o)
                              src/powerbit.o (NVIC_Init)
/Users/daymoon/Documents/workspace/stm32f0_stdperiph_lib/Debug/libstm32f0_stdperiph_lib.a(stm32f0xx_rcc.o)
                              src/leds.o (RCC_AHBPeriphClockCmd)
/Users/daymoon/Documents/workspace/stm32f0_stdperiph_lib/Debug/libstm32f0_stdperiph_lib.a(stm32f0xx_spi.o)
                              src/max7219.o (SPI_I2S_DeInit)
/Users/daymoon/Documents/workspace/stm32f0_stdperiph_lib/Debug/libstm32f0_stdperiph_lib.a(stm32f0xx_syscfg.o)
                              src/shoot.o (SYSCFG_EXTILineConfig)
/Users/daymoon/Documents/workspace/stm32f0_stdperiph_lib/Debug/libstm32f0_stdperiph_lib.a(stm32f0xx_tim.o)
                              src/powerbit.o (TIM_TimeBaseInit)
/Users/daymoon/Documents/workspace/stm32f0_stdperiph_lib/Debug/libstm32f0_stdperiph_lib.a(stm32f0xx_usart.o)
                              src/usart.o (USART_Init)
/Applications/Ac6/SystemWorkbench.app/Contents/Eclipse/plugins/fr.ac6.mcu.externaltools.arm-none.macos64_1.17.0.201812190825/tools/compiler/bin/../lib/gcc/arm-none-eabi/7.3.1/thumb/v6-m/libgcc.a(_thumb1_case_uqi.o)
                              src/shoot.o (__gnu_thumb1_case_uqi)
/Applications/Ac6/SystemWorkbench.app/Contents/Eclipse/plugins/fr.ac6.mcu.externaltools.arm-none.macos64_1.17.0.201812190825/tools/compiler/bin/../lib/gcc/arm-none-eabi/7.3.1/thumb/v6-m/libgcc.a(_udivsi3.o)
                              src/commands.o (__aeabi_uidiv)
/Applications/Ac6/SystemWorkbench.app/Contents/Eclipse/plugins/fr.ac6.mcu.externaltools.arm-none.macos64_1.17.0.201812190825/tools/compiler/bin/../lib/gcc/arm-none-eabi/7.3.1/thumb/v6-m/libgcc.a(_divsi3.o)
                              src/commands.o (__aeabi_idiv)
/Applications/Ac6/SystemWorkbench.app/Contents/Eclipse/plugins/fr.ac6.mcu.externaltools.arm-none.macos64_1.17.0.201812190825/tools/compiler/bin/../lib/gcc/arm-none-eabi/7.3.1/thumb/v6-m/libgcc.a(_dvmd_tls.o)
                              /Applications/Ac6/SystemWorkbench.app/Contents/Eclipse/plugins/fr.ac6.mcu.externaltools.arm-none.macos64_1.17.0.201812190825/tools/compiler/bin/../lib/gcc/arm-none-eabi/7.3.1/thumb/v6-m/libgcc.a(_udivsi3.o) (__aeabi_idiv0)
/Applications/Ac6/SystemWorkbench.app/Contents/Eclipse/plugins/fr.ac6.mcu.externaltools.arm-none.macos64_1.17.0.201812190825/tools/compiler/bin/../lib/gcc/arm-none-eabi/7.3.1/../../../../arm-none-eabi/lib/thumb/v6-m/libc.a(lib_a-errno.o)
                              startup/sysmem.o (__errno)
/Applications/Ac6/SystemWorkbench.app/Contents/Eclipse/plugins/fr.ac6.mcu.externaltools.arm-none.macos64_1.17.0.201812190825/tools/compiler/bin/../lib/gcc/arm-none-eabi/7.3.1/../../../../arm-none-eabi/lib/thumb/v6-m/libc.a(lib_a-exit.o)
                              /Applications/Ac6/SystemWorkbench.app/Contents/Eclipse/plugins/fr.ac6.mcu.externaltools.arm-none.macos64_1.17.0.201812190825/tools/compiler/bin/../lib/gcc/arm-none-eabi/7.3.1/../../../../arm-none-eabi/lib/thumb/v6-m/crt0.o (exit)
/Applications/Ac6/SystemWorkbench.app/Contents/Eclipse/plugins/fr.ac6.mcu.externaltools.arm-none.macos64_1.17.0.201812190825/tools/compiler/bin/../lib/gcc/arm-none-eabi/7.3.1/../../../../arm-none-eabi/lib/thumb/v6-m/libc.a(lib_a-impure.o)
                              /Applications/Ac6/SystemWorkbench.app/Contents/Eclipse/plugins/fr.ac6.mcu.externaltools.arm-none.macos64_1.17.0.201812190825/tools/compiler/bin/../lib/gcc/arm-none-eabi/7.3.1/../../../../arm-none-eabi/lib/thumb/v6-m/libc.a(lib_a-exit.o) (_global_impure_ptr)
/Applications/Ac6/SystemWorkbench.app/Contents/Eclipse/plugins/fr.ac6.mcu.externaltools.arm-none.macos64_1.17.0.201812190825/tools/compiler/bin/../lib/gcc/arm-none-eabi/7.3.1/../../../../arm-none-eabi/lib/thumb/v6-m/libc.a(lib_a-init.o)
                              /Applications/Ac6/SystemWorkbench.app/Contents/Eclipse/plugins/fr.ac6.mcu.externaltools.arm-none.macos64_1.17.0.201812190825/tools/compiler/bin/../lib/gcc/arm-none-eabi/7.3.1/../../../../arm-none-eabi/lib/thumb/v6-m/crt0.o (__libc_init_array)
[...]
Memory Configuration

Name             Origin             Length             Attributes
RAM              0x0000000020000000 0x0000000000001000 xrw
ROM              0x0000000008000000 0x0000000000008000 xr
*default*        0x0000000000000000 0xffffffffffffffff

Linker script and memory map

LOAD /Applications/Ac6/SystemWorkbench.app/Contents/Eclipse/plugins/fr.ac6.mcu.externaltools.arm-none.macos64_1.17.0.201812190825/tools/compiler/bin/../lib/gcc/arm-none-eabi/7.3.1/thumb/v6-m/crti.o
LOAD /Applications/Ac6/SystemWorkbench.app/Contents/Eclipse/plugins/fr.ac6.mcu.externaltools.arm-none.macos64_1.17.0.201812190825/tools/compiler/bin/../lib/gcc/arm-none-eabi/7.3.1/thumb/v6-m/crtbegin.o
LOAD /Applications/Ac6/SystemWorkbench.app/Contents/Eclipse/plugins/fr.ac6.mcu.externaltools.arm-none.macos64_1.17.0.201812190825/tools/compiler/bin/../lib/gcc/arm-none-eabi/7.3.1/../../../../arm-none-eabi/lib/thumb/v6-m/crt0.o
LOAD src/commands.o
LOAD src/delay.o
LOAD src/leds.o
LOAD src/main.o
LOAD src/max7219.o
LOAD src/messages.o
LOAD src/powerbit.o
LOAD src/scheduler.o
LOAD src/services.o
LOAD src/shoot.o
LOAD src/stm32f0xx_it.o
LOAD src/system_stm32f0xx.o
LOAD src/usart.o
LOAD startup/startup_stm32.o
LOAD startup/sysmem.o
LOAD /Users/daymoon/Documents/workspace/stm32f0_stdperiph_lib/Debug/libstm32f0_stdperiph_lib.a
LOAD /Applications/Ac6/SystemWorkbench.app/Contents/Eclipse/plugins/fr.ac6.mcu.externaltools.arm-none.macos64_1.17.0.201812190825/tools/compiler/bin/../lib/gcc/arm-none-eabi/7.3.1/../../../../arm-none-eabi/lib/thumb/v6-m/libm.a
START GROUP
LOAD /Applications/Ac6/SystemWorkbench.app/Contents/Eclipse/plugins/fr.ac6.mcu.externaltools.arm-none.macos64_1.17.0.201812190825/tools/compiler/bin/../lib/gcc/arm-none-eabi/7.3.1/thumb/v6-m/libgcc.a
LOAD /Applications/Ac6/SystemWorkbench.app/Contents/Eclipse/plugins/fr.ac6.mcu.externaltools.arm-none.macos64_1.17.0.201812190825/tools/compiler/bin/../lib/gcc/arm-none-eabi/7.3.1/../../../../arm-none-eabi/lib/thumb/v6-m/libc.a
END GROUP
LOAD /Applications/Ac6/SystemWorkbench.app/Contents/Eclipse/plugins/fr.ac6.mcu.externaltools.arm-none.macos64_1.17.0.201812190825/tools/compiler/bin/../lib/gcc/arm-none-eabi/7.3.1/thumb/v6-m/crtend.o
LOAD /Applications/Ac6/SystemWorkbench.app/Contents/Eclipse/plugins/fr.ac6.mcu.externaltools.arm-none.macos64_1.17.0.201812190825/tools/compiler/bin/../lib/gcc/arm-none-eabi/7.3.1/thumb/v6-m/crtn.o
                0x0000000020001000                _estack = 0x20001000
                0x0000000000000000                _Min_Heap_Size = 0x0
                0x0000000000000400                _Min_Stack_Size = 0x400

.isr_vector     0x0000000008000000       0xc0
                0x0000000008000000                . = ALIGN (0x4)
 *(.isr_vector)
 .isr_vector    0x0000000008000000       0xc0 startup/startup_stm32.o
                0x0000000008000000                g_pfnVectors
                0x00000000080000c0                . = ALIGN (0x4)

.text           0x00000000080000c0     0x325c
                0x00000000080000c0                . = ALIGN (0x4)
 *(.text)
 .text          0x00000000080000c0       0x48 /Applications/Ac6/SystemWorkbench.app/Contents/Eclipse/plugins/fr.ac6.mcu.externaltools.arm-none.macos64_1.17.0.201812190825/tools/compiler/bin/../lib/gcc/arm-none-eabi/7.3.1/thumb/v6-m/crtbegin.o
 .text          0x0000000008000108       0x14 /Applications/Ac6/SystemWorkbench.app/Contents/Eclipse/plugins/fr.ac6.mcu.externaltools.arm-none.macos64_1.17.0.201812190825/tools/compiler/bin/../lib/gcc/arm-none-eabi/7.3.1/thumb/v6-m/libgcc.a(_thumb1_case_uqi.o)
                0x0000000008000108                __gnu_thumb1_case_uqi
 .text          0x000000000800011c      0x114 /Applications/Ac6/SystemWorkbench.app/Contents/Eclipse/plugins/fr.ac6.mcu.externaltools.arm-none.macos64_1.17.0.201812190825/tools/compiler/bin/../lib/gcc/arm-none-eabi/7.3.1/thumb/v6-m/libgcc.a(_udivsi3.o)
                0x000000000800011c                __udivsi3
                0x000000000800011c                __aeabi_uidiv
                0x0000000008000228                __aeabi_uidivmod
 .text          0x0000000008000230        0x4 /Applications/Ac6/SystemWorkbench.app/Contents/Eclipse/plugins/fr.ac6.mcu.externaltools.arm-none.macos64_1.17.0.201812190825/tools/compiler/bin/../lib/gcc/arm-none-eabi/7.3.1/thumb/v6-m/libgcc.a(_dvmd_tls.o)
                0x0000000008000230                __aeabi_ldiv0
                0x0000000008000230                __aeabi_idiv0
 *(.text*)
 .text.commands_parse
                0x0000000008000234       0x2c src/commands.o
                0x0000000008000234                commands_parse
 .text.commands_wrong_cmd
                0x0000000008000260       0x1c src/commands.o
                0x0000000008000260                commands_wrong_cmd
 .text.commands_process
                0x000000000800027c      0x134 src/commands.o
                0x000000000800027c                commands_process
 .text.commands_ok_cmd
                0x00000000080003b0       0x1c src/commands.o
                0x00000000080003b0                commands_ok_cmd
 .text.cmd_powerbit_on
                0x00000000080003cc        0xe src/commands.o
                0x00000000080003cc                cmd_powerbit_on
 .text.cmd_powerbit_off
                0x00000000080003da        0xe src/commands.o
                0x00000000080003da                cmd_powerbit_off
 .text.cmd_powerbit_stat
                0x00000000080003e8       0xfc src/commands.o
                0x00000000080003e8                cmd_powerbit_stat
 .text.cmd_isnumber
                0x00000000080004e4       0x12 src/commands.o
                0x00000000080004e4                cmd_isnumber
 *fill*         0x00000000080004f6        0x2 
 .text.cmd_powerbit_volt
                0x00000000080004f8       0x74 src/commands.o
                0x00000000080004f8                cmd_powerbit_volt
 .text.cmd_powerbit_curr
                0x000000000800056c       0x70 src/commands.o
                0x000000000800056c                cmd_powerbit_curr
 .text.cmd_powerbit_freq
                0x00000000080005dc       0xa4 src/commands.o
                0x00000000080005dc                cmd_powerbit_freq
 .text.cmd_powerbit_dutymax
                0x0000000008000680       0x4e src/commands.o
                0x0000000008000680                cmd_powerbit_dutymax
 .text.cmd_powerbit_dutymin
                0x00000000080006ce       0x48 src/commands.o
                0x00000000080006ce                cmd_powerbit_dutymin
 .text.cmd_powerbit_const
                0x0000000008000716       0x78 src/commands.o
                0x0000000008000716                cmd_powerbit_const
 *fill*         0x000000000800078e        0x2 
 .text.delay_ms
                0x0000000008000790       0x28 src/delay.o
                0x0000000008000790                delay_ms
 .text.Set_Delay_finished
                0x00000000080007b8        0xc src/delay.o
                0x00000000080007b8                Set_Delay_finished
 .text.leds_config
                0x00000000080007c4       0x64 src/leds.o
                0x00000000080007c4                leds_config
 .text.startup.main
                0x0000000008000828       0x24 src/main.o
                0x0000000008000828                main
 .text.assert_failed
                0x000000000800084c        0x2 src/main.o
                0x000000000800084c                assert_failed
 *fill*         0x000000000800084e        0x2 
 .text.CS_inactive
                0x0000000008000850       0x10 src/max7219.o
                0x0000000008000850                CS_inactive
 .text.CS_active
                0x0000000008000860       0x10 src/max7219.o
                0x0000000008000860                CS_active
 .text.max7219_send_cmd
                0x0000000008000870       0x28 src/max7219.o
                0x0000000008000870                max7219_send_cmd
 .text.max7219_send_4_cmds
                0x0000000008000898       0x40 src/max7219.o
                0x0000000008000898                max7219_send_4_cmds
 .text.display_set_intensity
                0x00000000080008d8       0x20 src/max7219.o
                0x00000000080008d8                display_set_intensity
 .text.display_send_frame
                0x00000000080008f8       0x38 src/max7219.o
                0x00000000080008f8                display_send_frame
 .text.display_fill_display
                0x0000000008000930       0x34 src/max7219.o
                0x0000000008000930                display_fill_display
 .text.display_clear
                0x0000000008000964       0x2c src/max7219.o
                0x0000000008000964                display_clear
 .text.display_config
                0x0000000008000990      0x108 src/max7219.o
                0x0000000008000990                display_config
 .text.powerbit_set_freq
                0x0000000008000a98       0x9c src/powerbit.o
                0x0000000008000a98                powerbit_set_freq
 .text.powerbit_set_duty
                0x0000000008000b34       0x48 src/powerbit.o
                0x0000000008000b34                powerbit_set_duty
 .text.powerbit_set_dutymax
                0x0000000008000b7c        0xc src/powerbit.o
                0x0000000008000b7c                powerbit_set_dutymax
 .text.powerbit_set_dutymin
                0x0000000008000b88        0xc src/powerbit.o
                0x0000000008000b88                powerbit_set_dutymin
 .text.powerbit_set_const
                0x0000000008000b94       0x2c src/powerbit.o
                0x0000000008000b94                powerbit_set_const
 .text.powerbit_wait_for_adc
                0x0000000008000bc0       0x14 src/powerbit.o
                0x0000000008000bc0                powerbit_wait_for_adc
 .text.powerbit_curr_peak
                0x0000000008000bd4       0x34 src/powerbit.o
                0x0000000008000bd4                powerbit_curr_peak
 .text.powerbit_volt_avrg
                0x0000000008000c08       0x30 src/powerbit.o
                0x0000000008000c08                powerbit_volt_avrg
 .text.powerbit_enable
                0x0000000008000c38       0x10 src/powerbit.o
                0x0000000008000c38                powerbit_enable
 .text.powerbit_disable
                0x0000000008000c48       0x10 src/powerbit.o
                0x0000000008000c48                powerbit_disable
 .text.powerbit_set_voltage
                0x0000000008000c58        0xc src/powerbit.o
                0x0000000008000c58                powerbit_set_voltage
 .text.powerbit_get_voltage
                0x0000000008000c64       0x50 src/powerbit.o
                0x0000000008000c64                powerbit_get_voltage
 .text.powerbit_get_peak
                0x0000000008000cb4        0xc src/powerbit.o
                0x0000000008000cb4                powerbit_get_peak
 .text.powerbit_get_output
                0x0000000008000cc0        0xc src/powerbit.o
                0x0000000008000cc0                powerbit_get_output
 .text.powerbit_set_current
                0x0000000008000ccc        0xc src/powerbit.o
                0x0000000008000ccc                powerbit_set_current
 .text.Scheduler_start
                0x0000000008000cd8        0x4 src/scheduler.o
                0x0000000008000cd8                Scheduler_start
 .text.Scheduler_Add_Task
                0x0000000008000cdc       0x34 src/scheduler.o
                0x0000000008000cdc                Scheduler_Add_Task
 .text.Scheduler_Delete_Task
                0x0000000008000d10       0x2c src/scheduler.o
                0x0000000008000d10                Scheduler_Delete_Task
 .text.Scheduler_init
                0x0000000008000d3c       0x58 src/scheduler.o
                0x0000000008000d3c                Scheduler_init
 .text.Scheduler_Dispatch_Tasks
                0x0000000008000d94       0x40 src/scheduler.o
                0x0000000008000d94                Scheduler_Dispatch_Tasks
 .text.Run_scheduler
                0x0000000008000dd4       0x40 src/scheduler.o
                0x0000000008000dd4                Run_scheduler
 .text.LED_service
                0x0000000008000e14       0x28 src/services.o
                0x0000000008000e14                LED_service
 .text.Delay_service
                0x0000000008000e3c        0xa src/services.o
                0x0000000008000e3c                Delay_service
 .text.Command_service
                0x0000000008000e46        0xc src/services.o
                0x0000000008000e46                Command_service
 .text.Button_UP_service
                0x0000000008000e52       0x26 src/services.o
                0x0000000008000e52                Button_UP_service
 .text.Automat_service
                0x0000000008000e78        0x8 src/services.o
                0x0000000008000e78                Automat_service
 .text.Automat_timer_service
                0x0000000008000e80        0xa src/services.o
                0x0000000008000e80                Automat_timer_service
 .text.Automat_beeper_service
                0x0000000008000e8a        0x8 src/services.o
                0x0000000008000e8a                Automat_beeper_service
 *fill*         0x0000000008000e92        0x2 
 .text.shoot_config
                0x0000000008000e94       0x14 src/shoot.o
                0x0000000008000e94                shoot_config
 .text.shoot_set_timer
                0x0000000008000ea8       0x1c src/shoot.o
                0x0000000008000ea8                shoot_set_timer
 .text.shoot_set_timer_state
                0x0000000008000ec4        0xc src/shoot.o
                0x0000000008000ec4                shoot_set_timer_state
 .text.shoot_button_event
                0x0000000008000ed0        0xc src/shoot.o
                0x0000000008000ed0                shoot_button_event
 .text.shoot_round_winner
                0x0000000008000edc       0x24 src/shoot.o
                0x0000000008000edc                shoot_round_winner
 .text.shoot_get_round_state
                0x0000000008000f00        0xc src/shoot.o
                0x0000000008000f00                shoot_get_round_state
 .text.shoot_set_button_request
                0x0000000008000f0c        0xc src/shoot.o
                0x0000000008000f0c                shoot_set_button_request
 .text.shoot_display_message
                0x0000000008000f18       0xdc src/shoot.o
                0x0000000008000f18                shoot_display_message
 .text.shoot_display_round_winner
                0x0000000008000ff4       0x24 src/shoot.o
                0x0000000008000ff4                shoot_display_round_winner
 .text.shoot_total_winner
                0x0000000008001018       0x24 src/shoot.o
                0x0000000008001018                shoot_total_winner
 .text.shoot_beeper_init
                0x000000000800103c       0xbc src/shoot.o
                0x000000000800103c                shoot_beeper_init
 .text.shoot_beeper_on
                0x00000000080010f8       0x10 src/shoot.o
                0x00000000080010f8                shoot_beeper_on
 .text.shoot_set_beeper
                0x0000000008001108       0x18 src/shoot.o
                0x0000000008001108                shoot_set_beeper
 .text.shoot_automat
                0x0000000008001120      0x1c4 src/shoot.o
                0x0000000008001120                shoot_automat
 .text.shoot_beeper_off
                0x00000000080012e4       0x10 src/shoot.o
                0x00000000080012e4                shoot_beeper_off
 .text.inputs_outputs_config
                0x00000000080012f4       0xd8 src/shoot.o
                0x00000000080012f4                inputs_outputs_config
 .text.NMI_Handler
                0x00000000080013cc        0x2 src/stm32f0xx_it.o
                0x00000000080013cc                NMI_Handler
 .text.HardFault_Handler
                0x00000000080013ce        0x2 src/stm32f0xx_it.o
                0x00000000080013ce                HardFault_Handler
 .text.SVC_Handler
                0x00000000080013d0        0x2 src/stm32f0xx_it.o
                0x00000000080013d0                SVC_Handler
 .text.PendSV_Handler
                0x00000000080013d2        0x2 src/stm32f0xx_it.o
                0x00000000080013d2                PendSV_Handler
 .text.SysTick_Handler
                0x00000000080013d4        0x8 src/stm32f0xx_it.o
                0x00000000080013d4                SysTick_Handler
 .text.DMA1_CH1_IRQHandler
                0x00000000080013dc       0x1c src/stm32f0xx_it.o
                0x00000000080013dc                DMA1_CH1_IRQHandler
 .text.USART1_IRQHandler
                0x00000000080013f8       0x9c src/stm32f0xx_it.o
                0x00000000080013f8                USART1_IRQHandler
 .text.EXTI0_1_IRQHandler
                0x0000000008001494       0x28 src/stm32f0xx_it.o
                0x0000000008001494                EXTI0_1_IRQHandler
 .text.EXTI2_3_IRQHandler
                0x00000000080014bc       0x22 src/stm32f0xx_it.o
                0x00000000080014bc                EXTI2_3_IRQHandler
 .text.EXTI4_15_IRQHandler
                0x00000000080014de       0x22 src/stm32f0xx_it.o
                0x00000000080014de                EXTI4_15_IRQHandler
 .text.SystemInit
                0x0000000008001500       0xbc src/system_stm32f0xx.o
                0x0000000008001500                SystemInit
 .text.usart_send_text
                0x00000000080015bc       0x3c src/usart.o
                0x00000000080015bc                usart_send_text
 .text.usart_newline
                0x00000000080015f8       0x54 src/usart.o
                0x00000000080015f8                usart_newline
 .text.usart_config
                0x000000000800164c       0xdc src/usart.o
                0x000000000800164c                usart_config
 .text.usart_release_Rx_buffer
                0x0000000008001728       0x18 src/usart.o
                0x0000000008001728                usart_release_Rx_buffer
 .text.get_Rx_buffer
                0x0000000008001740        0x8 src/usart.o
                0x0000000008001740                get_Rx_buffer
 .text.Reset_Handler
                0x0000000008001748       0x50 startup/startup_stm32.o
                0x0000000008001748                Reset_Handler
 .text.Default_Handler
                0x0000000008001798        0x2 startup/startup_stm32.o
                0x0000000008001798                TIM1_BRK_UP_TRG_COM_IRQHandler
                0x0000000008001798                TIM1_CC_IRQHandler
                0x0000000008001798                TSC_IRQHandler
                0x0000000008001798                PVD_IRQHandler
                0x0000000008001798                I2C1_IRQHandler
                0x0000000008001798                RCC_CRS_IRQHandler
                0x0000000008001798                SPI1_IRQHandler
                0x0000000008001798                TIM6_DAC_IRQHandler
                0x0000000008001798                I2C2_IRQHandler
                0x0000000008001798                TIM17_IRQHandler
                0x0000000008001798                CEC_CAN_IRQHandler
                0x0000000008001798                RTC_IRQHandler
                0x0000000008001798                TIM16_IRQHandler
                0x0000000008001798                TIM3_IRQHandler
                0x0000000008001798                Default_Handler
                0x0000000008001798                DMA1_CH2_3_DMA2_CH1_2_IRQHandler
                0x0000000008001798                TIM14_IRQHandler
                0x0000000008001798                TIM7_IRQHandler
                0x0000000008001798                TIM15_IRQHandler
                0x0000000008001798                USB_IRQHandler
                0x0000000008001798                SPI2_IRQHandler
                0x0000000008001798                WWDG_IRQHandler
                0x0000000008001798                TIM2_IRQHandler
                0x0000000008001798                ADC_COMP_IRQHandler
                0x0000000008001798                USART2_IRQHandler
                0x0000000008001798                USART3_4_5_6_7_8_IRQHandler
                0x0000000008001798                FLASH_IRQHandler
                0x0000000008001798                DMA1_CH4_5_6_7_DMA2_CH3_4_5_IRQHandler
 *fill*         0x000000000800179a        0x2 
 .text.DMA_GetFlagStatus
                0x000000000800179c      0x108 /Users/daymoon/Documents/workspace/stm32f0_stdperiph_lib/Debug/libstm32f0_stdperiph_lib.a(stm32f0xx_dma.o)
                0x000000000800179c                DMA_GetFlagStatus
 .text.DMA_ClearFlag
                0x00000000080018a4       0x40 /Users/daymoon/Documents/workspace/stm32f0_stdperiph_lib/Debug/libstm32f0_stdperiph_lib.a(stm32f0xx_dma.o)
                0x00000000080018a4                DMA_ClearFlag
 .text.DMA_GetITStatus
                0x00000000080018e4      0x108 /Users/daymoon/Documents/workspace/stm32f0_stdperiph_lib/Debug/libstm32f0_stdperiph_lib.a(stm32f0xx_dma.o)
                0x00000000080018e4                DMA_GetITStatus
 .text.DMA_ClearITPendingBit
                0x00000000080019ec       0x40 /Users/daymoon/Documents/workspace/stm32f0_stdperiph_lib/Debug/libstm32f0_stdperiph_lib.a(stm32f0xx_dma.o)
                0x00000000080019ec                DMA_ClearITPendingBit
 .text.EXTI_Init
                0x0000000008001a2c       0xb4 /Users/daymoon/Documents/workspace/stm32f0_stdperiph_lib/Debug/libstm32f0_stdperiph_lib.a(stm32f0xx_exti.o)
                0x0000000008001a2c                EXTI_Init
 .text.EXTI_GetITStatus
                0x0000000008001ae0       0xf4 /Users/daymoon/Documents/workspace/stm32f0_stdperiph_lib/Debug/libstm32f0_stdperiph_lib.a(stm32f0xx_exti.o)
                0x0000000008001ae0                EXTI_GetITStatus
 .text.EXTI_ClearITPendingBit
                0x0000000008001bd4       0x28 /Users/daymoon/Documents/workspace/stm32f0_stdperiph_lib/Debug/libstm32f0_stdperiph_lib.a(stm32f0xx_exti.o)
                0x0000000008001bd4                EXTI_ClearITPendingBit
 .text.GPIO_Init
                0x0000000008001bfc      0x108 /Users/daymoon/Documents/workspace/stm32f0_stdperiph_lib/Debug/libstm32f0_stdperiph_lib.a(stm32f0xx_gpio.o)
                0x0000000008001bfc                GPIO_Init
 .text.GPIO_ReadInputDataBit
                0x0000000008001d04       0xd8 /Users/daymoon/Documents/workspace/stm32f0_stdperiph_lib/Debug/libstm32f0_stdperiph_lib.a(stm32f0xx_gpio.o)
                0x0000000008001d04                GPIO_ReadInputDataBit
 .text.GPIO_ReadOutputData
                0x0000000008001ddc       0x54 /Users/daymoon/Documents/workspace/stm32f0_stdperiph_lib/Debug/libstm32f0_stdperiph_lib.a(stm32f0xx_gpio.o)
                0x0000000008001ddc                GPIO_ReadOutputData
 .text.GPIO_SetBits
                0x0000000008001e30       0x60 /Users/daymoon/Documents/workspace/stm32f0_stdperiph_lib/Debug/libstm32f0_stdperiph_lib.a(stm32f0xx_gpio.o)
                0x0000000008001e30                GPIO_SetBits
 .text.GPIO_ResetBits
                0x0000000008001e90       0x60 /Users/daymoon/Documents/workspace/stm32f0_stdperiph_lib/Debug/libstm32f0_stdperiph_lib.a(stm32f0xx_gpio.o)
                0x0000000008001e90                GPIO_ResetBits
 .text.GPIO_PinAFConfig
                0x0000000008001ef0       0x90 /Users/daymoon/Documents/workspace/stm32f0_stdperiph_lib/Debug/libstm32f0_stdperiph_lib.a(stm32f0xx_gpio.o)
                0x0000000008001ef0                GPIO_PinAFConfig
 .text.NVIC_Init
                0x0000000008001f80       0x74 /Users/daymoon/Documents/workspace/stm32f0_stdperiph_lib/Debug/libstm32f0_stdperiph_lib.a(stm32f0xx_misc.o)
                0x0000000008001f80                NVIC_Init
 .text.RCC_GetClocksFreq
                0x0000000008001ff4      0x174 /Users/daymoon/Documents/workspace/stm32f0_stdperiph_lib/Debug/libstm32f0_stdperiph_lib.a(stm32f0xx_rcc.o)
                0x0000000008001ff4                RCC_GetClocksFreq
 .text.RCC_AHBPeriphClockCmd
                0x0000000008002168       0x50 /Users/daymoon/Documents/workspace/stm32f0_stdperiph_lib/Debug/libstm32f0_stdperiph_lib.a(stm32f0xx_rcc.o)
                0x0000000008002168                RCC_AHBPeriphClockCmd
 .text.RCC_APB2PeriphClockCmd
                0x00000000080021b8       0x50 /Users/daymoon/Documents/workspace/stm32f0_stdperiph_lib/Debug/libstm32f0_stdperiph_lib.a(stm32f0xx_rcc.o)
                0x00000000080021b8                RCC_APB2PeriphClockCmd
 .text.RCC_APB1PeriphClockCmd
                0x0000000008002208       0x50 /Users/daymoon/Documents/workspace/stm32f0_stdperiph_lib/Debug/libstm32f0_stdperiph_lib.a(stm32f0xx_rcc.o)
                0x0000000008002208                RCC_APB1PeriphClockCmd
 .text.RCC_APB2PeriphResetCmd
                0x0000000008002258       0x50 /Users/daymoon/Documents/workspace/stm32f0_stdperiph_lib/Debug/libstm32f0_stdperiph_lib.a(stm32f0xx_rcc.o)
                0x0000000008002258                RCC_APB2PeriphResetCmd
 .text.RCC_APB1PeriphResetCmd
                0x00000000080022a8       0x50 /Users/daymoon/Documents/workspace/stm32f0_stdperiph_lib/Debug/libstm32f0_stdperiph_lib.a(stm32f0xx_rcc.o)
                0x00000000080022a8                RCC_APB1PeriphResetCmd
 .text.SPI_I2S_DeInit
                0x00000000080022f8       0x50 /Users/daymoon/Documents/workspace/stm32f0_stdperiph_lib/Debug/libstm32f0_stdperiph_lib.a(stm32f0xx_spi.o)
                0x00000000080022f8                SPI_I2S_DeInit
 .text.SPI_Init
                0x0000000008002348      0x160 /Users/daymoon/Documents/workspace/stm32f0_stdperiph_lib/Debug/libstm32f0_stdperiph_lib.a(stm32f0xx_spi.o)
                0x0000000008002348                SPI_Init
 .text.SPI_Cmd  0x00000000080024a8       0x4c /Users/daymoon/Documents/workspace/stm32f0_stdperiph_lib/Debug/libstm32f0_stdperiph_lib.a(stm32f0xx_spi.o)
                0x00000000080024a8                SPI_Cmd
 .text.SPI_I2S_SendData16
                0x00000000080024f4       0x30 /Users/daymoon/Documents/workspace/stm32f0_stdperiph_lib/Debug/libstm32f0_stdperiph_lib.a(stm32f0xx_spi.o)
                0x00000000080024f4                SPI_I2S_SendData16
 .text.SPI_GetTransmissionFIFOStatus
                0x0000000008002524        0xa /Users/daymoon/Documents/workspace/stm32f0_stdperiph_lib/Debug/libstm32f0_stdperiph_lib.a(stm32f0xx_spi.o)
                0x0000000008002524                SPI_GetTransmissionFIFOStatus
 *fill*         0x000000000800252e        0x2 
 .text.SPI_I2S_GetFlagStatus
                0x0000000008002530       0x78 /Users/daymoon/Documents/workspace/stm32f0_stdperiph_lib/Debug/libstm32f0_stdperiph_lib.a(stm32f0xx_spi.o)
                0x0000000008002530                SPI_I2S_GetFlagStatus
 .text.SYSCFG_EXTILineConfig
                0x00000000080025a8       0x48 /Users/daymoon/Documents/workspace/stm32f0_stdperiph_lib/Debug/libstm32f0_stdperiph_lib.a(stm32f0xx_syscfg.o)
                0x00000000080025a8                SYSCFG_EXTILineConfig
 .text.TIM_TimeBaseInit
                0x00000000080025f0      0x104 /Users/daymoon/Documents/workspace/stm32f0_stdperiph_lib/Debug/libstm32f0_stdperiph_lib.a(stm32f0xx_tim.o)
                0x00000000080025f0                TIM_TimeBaseInit
 .text.TIM_Cmd  0x00000000080026f4       0x94 /Users/daymoon/Documents/workspace/stm32f0_stdperiph_lib/Debug/libstm32f0_stdperiph_lib.a(stm32f0xx_tim.o)
                0x00000000080026f4                TIM_Cmd
 .text.TIM_CtrlPWMOutputs
                0x0000000008002788       0x68 /Users/daymoon/Documents/workspace/stm32f0_stdperiph_lib/Debug/libstm32f0_stdperiph_lib.a(stm32f0xx_tim.o)
                0x0000000008002788                TIM_CtrlPWMOutputs
 .text.TIM_OC1Init
                0x00000000080027f0      0x164 /Users/daymoon/Documents/workspace/stm32f0_stdperiph_lib/Debug/libstm32f0_stdperiph_lib.a(stm32f0xx_tim.o)
                0x00000000080027f0                TIM_OC1Init
 .text.TIM_OC3Init
                0x0000000008002954      0x144 /Users/daymoon/Documents/workspace/stm32f0_stdperiph_lib/Debug/libstm32f0_stdperiph_lib.a(stm32f0xx_tim.o)
                0x0000000008002954                TIM_OC3Init
 .text.TIM_OC1PreloadConfig
                0x0000000008002a98       0x7c /Users/daymoon/Documents/workspace/stm32f0_stdperiph_lib/Debug/libstm32f0_stdperiph_lib.a(stm32f0xx_tim.o)
                0x0000000008002a98                TIM_OC1PreloadConfig
 .text.TIM_OC3PreloadConfig
                0x0000000008002b14       0x50 /Users/daymoon/Documents/workspace/stm32f0_stdperiph_lib/Debug/libstm32f0_stdperiph_lib.a(stm32f0xx_tim.o)
                0x0000000008002b14                TIM_OC3PreloadConfig
 .text.USART_Init
                0x0000000008002b64      0x188 /Users/daymoon/Documents/workspace/stm32f0_stdperiph_lib/Debug/libstm32f0_stdperiph_lib.a(stm32f0xx_usart.o)
                0x0000000008002b64                USART_Init
 .text.USART_Cmd
                0x0000000008002cec       0x88 /Users/daymoon/Documents/workspace/stm32f0_stdperiph_lib/Debug/libstm32f0_stdperiph_lib.a(stm32f0xx_usart.o)
                0x0000000008002cec                USART_Cmd
 .text.USART_SendData
                0x0000000008002d74       0x84 /Users/daymoon/Documents/workspace/stm32f0_stdperiph_lib/Debug/libstm32f0_stdperiph_lib.a(stm32f0xx_usart.o)
                0x0000000008002d74                USART_SendData
 .text.USART_ReceiveData
                0x0000000008002df8       0x6c /Users/daymoon/Documents/workspace/stm32f0_stdperiph_lib/Debug/libstm32f0_stdperiph_lib.a(stm32f0xx_usart.o)
                0x0000000008002df8                USART_ReceiveData
 .text.USART_ITConfig
                0x0000000008002e64      0x138 /Users/daymoon/Documents/workspace/stm32f0_stdperiph_lib/Debug/libstm32f0_stdperiph_lib.a(stm32f0xx_usart.o)
                0x0000000008002e64                USART_ITConfig
 .text.USART_GetITStatus
                0x0000000008002f9c      0x130 /Users/daymoon/Documents/workspace/stm32f0_stdperiph_lib/Debug/libstm32f0_stdperiph_lib.a(stm32f0xx_usart.o)
                0x0000000008002f9c                USART_GetITStatus
 .text.__libc_init_array
                0x00000000080030cc       0x48 /Applications/Ac6/SystemWorkbench.app/Contents/Eclipse/plugins/fr.ac6.mcu.externaltools.arm-none.macos64_1.17.0.201812190825/tools/compiler/bin/../lib/gcc/arm-none-eabi/7.3.1/../../../../arm-none-eabi/lib/thumb/v6-m/libc.a(lib_a-init.o)
                0x00000000080030cc                __libc_init_array
 .text.memcpy   0x0000000008003114       0x88 /Applications/Ac6/SystemWorkbench.app/Contents/Eclipse/plugins/fr.ac6.mcu.externaltools.arm-none.macos64_1.17.0.201812190825/tools/compiler/bin/../lib/gcc/arm-none-eabi/7.3.1/../../../../arm-none-eabi/lib/thumb/v6-m/libc.a(lib_a-memcpy-stub.o)
                0x0000000008003114                memcpy
 .text.strcpy   0x000000000800319c       0x10 /Applications/Ac6/SystemWorkbench.app/Contents/Eclipse/plugins/fr.ac6.mcu.externaltools.arm-none.macos64_1.17.0.201812190825/tools/compiler/bin/../lib/gcc/arm-none-eabi/7.3.1/../../../../arm-none-eabi/lib/thumb/v6-m/libc.a(lib_a-strcpy.o)
                0x000000000800319c                strcpy
 .text.startup.register_fini
                0x00000000080031ac       0x18 /Applications/Ac6/SystemWorkbench.app/Contents/Eclipse/plugins/fr.ac6.mcu.externaltools.arm-none.macos64_1.17.0.201812190825/tools/compiler/bin/../lib/gcc/arm-none-eabi/7.3.1/../../../../arm-none-eabi/lib/thumb/v6-m/libc.a(lib_a-__call_atexit.o)
 .text.atexit   0x00000000080031c4       0x10 /Applications/Ac6/SystemWorkbench.app/Contents/Eclipse/plugins/fr.ac6.mcu.externaltools.arm-none.macos64_1.17.0.201812190825/tools/compiler/bin/../lib/gcc/arm-none-eabi/7.3.1/../../../../arm-none-eabi/lib/thumb/v6-m/libc.a(lib_a-atexit.o)
                0x00000000080031c4                atexit
 .text.__libc_fini_array
                0x00000000080031d4       0x34 /Applications/Ac6/SystemWorkbench.app/Contents/Eclipse/plugins/fr.ac6.mcu.externaltools.arm-none.macos64_1.17.0.201812190825/tools/compiler/bin/../lib/gcc/arm-none-eabi/7.3.1/../../../../arm-none-eabi/lib/thumb/v6-m/libc.a(lib_a-fini.o)
                0x00000000080031d4                __libc_fini_array
 .text.__retarget_lock_acquire_recursive
                0x0000000008003208        0x4 /Applications/Ac6/SystemWorkbench.app/Contents/Eclipse/plugins/fr.ac6.mcu.externaltools.arm-none.macos64_1.17.0.201812190825/tools/compiler/bin/../lib/gcc/arm-none-eabi/7.3.1/../../../../arm-none-eabi/lib/thumb/v6-m/libc.a(lib_a-lock.o)
                0x0000000008003208                __retarget_lock_acquire_recursive
 .text.__retarget_lock_release_recursive
                0x000000000800320c        0x4 /Applications/Ac6/SystemWorkbench.app/Contents/Eclipse/plugins/fr.ac6.mcu.externaltools.arm-none.macos64_1.17.0.201812190825/tools/compiler/bin/../lib/gcc/arm-none-eabi/7.3.1/../../../../arm-none-eabi/lib/thumb/v6-m/libc.a(lib_a-lock.o)
                0x000000000800320c                __retarget_lock_release_recursive
 .text.__register_exitproc
                0x0000000008003210       0xf4 /Applications/Ac6/SystemWorkbench.app/Contents/Eclipse/plugins/fr.ac6.mcu.externaltools.arm-none.macos64_1.17.0.201812190825/tools/compiler/bin/../lib/gcc/arm-none-eabi/7.3.1/../../../../arm-none-eabi/lib/thumb/v6-m/libc.a(lib_a-__atexit.o)
                0x0000000008003210                __register_exitproc
 *(.glue_7)
 .glue_7        0x0000000008003304        0x0 linker stubs
 *(.glue_7t)
 .glue_7t       0x0000000008003304        0x0 linker stubs
 *(.eh_frame)
 .eh_frame      0x0000000008003304        0x0 /Applications/Ac6/SystemWorkbench.app/Contents/Eclipse/plugins/fr.ac6.mcu.externaltools.arm-none.macos64_1.17.0.201812190825/tools/compiler/bin/../lib/gcc/arm-none-eabi/7.3.1/thumb/v6-m/crtbegin.o
 *(.init)
 .init          0x0000000008003304        0x4 /Applications/Ac6/SystemWorkbench.app/Contents/Eclipse/plugins/fr.ac6.mcu.externaltools.arm-none.macos64_1.17.0.201812190825/tools/compiler/bin/../lib/gcc/arm-none-eabi/7.3.1/thumb/v6-m/crti.o
                0x0000000008003304                _init
 .init          0x0000000008003308        0x8 /Applications/Ac6/SystemWorkbench.app/Contents/Eclipse/plugins/fr.ac6.mcu.externaltools.arm-none.macos64_1.17.0.201812190825/tools/compiler/bin/../lib/gcc/arm-none-eabi/7.3.1/thumb/v6-m/crtn.o
 *(.fini)
 .fini          0x0000000008003310        0x4 /Applications/Ac6/SystemWorkbench.app/Contents/Eclipse/plugins/fr.ac6.mcu.externaltools.arm-none.macos64_1.17.0.201812190825/tools/compiler/bin/../lib/gcc/arm-none-eabi/7.3.1/thumb/v6-m/crti.o
                0x0000000008003310                _fini
 .fini          0x0000000008003314        0x8 /Applications/Ac6/SystemWorkbench.app/Contents/Eclipse/plugins/fr.ac6.mcu.externaltools.arm-none.macos64_1.17.0.201812190825/tools/compiler/bin/../lib/gcc/arm-none-eabi/7.3.1/thumb/v6-m/crtn.o
                0x000000000800331c                . = ALIGN (0x4)
                0x000000000800331c                _etext = .

.vfp11_veneer   0x000000000800331c        0x0
 .vfp11_veneer  0x000000000800331c        0x0 linker stubs

.v4_bx          0x000000000800331c        0x0
 .v4_bx         0x000000000800331c        0x0 linker stubs

.iplt           0x000000000800331c        0x0
 .iplt          0x000000000800331c        0x0 /Applications/Ac6/SystemWorkbench.app/Contents/Eclipse/plugins/fr.ac6.mcu.externaltools.arm-none.macos64_1.17.0.201812190825/tools/compiler/bin/../lib/gcc/arm-none-eabi/7.3.1/thumb/v6-m/crtbegin.o

.rodata         0x000000000800331c      0x344
                0x000000000800331c                . = ALIGN (0x4)
 *(.rodata)
 .rodata        0x000000000800331c       0x3e src/commands.o
 .rodata        0x000000000800335a       0x9c src/shoot.o
                0x000000000800335a                font4x5_Table
                0x000000000800339b                font6x6_Sizes
                0x00000000080033a8                font6x6_Table
 *(.rodata*)
 .rodata.str1.1
                0x00000000080033f6       0x29 src/commands.o
 .rodata.str1.1
                0x000000000800341f       0x17 src/usart.o
 .rodata.str1.1
                0x0000000008003436       0x3c /Users/daymoon/Documents/workspace/stm32f0_stdperiph_lib/Debug/libstm32f0_stdperiph_lib.a(stm32f0xx_dma.o)
 .rodata.str1.1
                0x0000000008003472       0x3d /Users/daymoon/Documents/workspace/stm32f0_stdperiph_lib/Debug/libstm32f0_stdperiph_lib.a(stm32f0xx_exti.o)
 .rodata.str1.1
                0x00000000080034af       0x3d /Users/daymoon/Documents/workspace/stm32f0_stdperiph_lib/Debug/libstm32f0_stdperiph_lib.a(stm32f0xx_gpio.o)
 .rodata.str1.1
                0x00000000080034ec       0x3d /Users/daymoon/Documents/workspace/stm32f0_stdperiph_lib/Debug/libstm32f0_stdperiph_lib.a(stm32f0xx_misc.o)
 .rodata.str1.1
                0x0000000008003529       0x3c /Users/daymoon/Documents/workspace/stm32f0_stdperiph_lib/Debug/libstm32f0_stdperiph_lib.a(stm32f0xx_rcc.o)
 .rodata.str1.1
                0x0000000008003565       0x3c /Users/daymoon/Documents/workspace/stm32f0_stdperiph_lib/Debug/libstm32f0_stdperiph_lib.a(stm32f0xx_spi.o)
 .rodata.str1.1
                0x00000000080035a1       0x3f /Users/daymoon/Documents/workspace/stm32f0_stdperiph_lib/Debug/libstm32f0_stdperiph_lib.a(stm32f0xx_syscfg.o)
 .rodata.str1.1
                0x00000000080035e0       0x3c /Users/daymoon/Documents/workspace/stm32f0_stdperiph_lib/Debug/libstm32f0_stdperiph_lib.a(stm32f0xx_tim.o)
 .rodata.str1.1
                0x000000000800361c       0x3e /Users/daymoon/Documents/workspace/stm32f0_stdperiph_lib/Debug/libstm32f0_stdperiph_lib.a(stm32f0xx_usart.o)
 *fill*         0x000000000800365a        0x2 
 .rodata._global_impure_ptr
                0x000000000800365c        0x4 /Applications/Ac6/SystemWorkbench.app/Contents/Eclipse/plugins/fr.ac6.mcu.externaltools.arm-none.macos64_1.17.0.201812190825/tools/compiler/bin/../lib/gcc/arm-none-eabi/7.3.1/../../../../arm-none-eabi/lib/thumb/v6-m/libc.a(lib_a-impure.o)
                0x000000000800365c                _global_impure_ptr
                0x0000000008003660                . = ALIGN (0x4)

.rel.dyn        0x0000000008003660        0x0
 .rel.iplt      0x0000000008003660        0x0 /Applications/Ac6/SystemWorkbench.app/Contents/Eclipse/plugins/fr.ac6.mcu.externaltools.arm-none.macos64_1.17.0.201812190825/tools/compiler/bin/../lib/gcc/arm-none-eabi/7.3.1/thumb/v6-m/crtbegin.o

.ARM.extab      0x0000000008003660        0x0
                0x0000000008003660                . = ALIGN (0x4)
 *(.ARM.extab* .gnu.linkonce.armextab.*)
                0x0000000008003660                . = ALIGN (0x4)

.ARM            0x0000000008003660        0x0
                0x0000000008003660                . = ALIGN (0x4)
                0x0000000008003660                __exidx_start = .
 *(.ARM.exidx*)
                0x0000000008003660                __exidx_end = .
                0x0000000008003660                . = ALIGN (0x4)

.preinit_array  0x0000000008003660        0x0
                0x0000000008003660                . = ALIGN (0x4)
                0x0000000008003660                PROVIDE (__preinit_array_start = .)
 *(.preinit_array*)
                0x0000000008003660                PROVIDE (__preinit_array_end = .)
                0x0000000008003660                . = ALIGN (0x4)

.init_array     0x0000000008003660        0x8
                0x0000000008003660                . = ALIGN (0x4)
                0x0000000008003660                PROVIDE (__init_array_start = .)
 *(SORT_BY_NAME(.init_array.*))
 .init_array.00000
                0x0000000008003660        0x4 /Applications/Ac6/SystemWorkbench.app/Contents/Eclipse/plugins/fr.ac6.mcu.externaltools.arm-none.macos64_1.17.0.201812190825/tools/compiler/bin/../lib/gcc/arm-none-eabi/7.3.1/../../../../arm-none-eabi/lib/thumb/v6-m/libc.a(lib_a-__call_atexit.o)
 *(.init_array*)
 .init_array    0x0000000008003664        0x4 /Applications/Ac6/SystemWorkbench.app/Contents/Eclipse/plugins/fr.ac6.mcu.externaltools.arm-none.macos64_1.17.0.201812190825/tools/compiler/bin/../lib/gcc/arm-none-eabi/7.3.1/thumb/v6-m/crtbegin.o
                0x0000000008003668                PROVIDE (__init_array_end = .)
                0x0000000008003668                . = ALIGN (0x4)

.fini_array     0x0000000008003668        0x4
                0x0000000008003668                . = ALIGN (0x4)
                0x0000000008003668                PROVIDE (__fini_array_start = .)
 *(SORT_BY_NAME(.fini_array.*))
 *(.fini_array*)
 .fini_array    0x0000000008003668        0x4 /Applications/Ac6/SystemWorkbench.app/Contents/Eclipse/plugins/fr.ac6.mcu.externaltools.arm-none.macos64_1.17.0.201812190825/tools/compiler/bin/../lib/gcc/arm-none-eabi/7.3.1/thumb/v6-m/crtbegin.o
                0x000000000800366c                PROVIDE (__fini_array_end = .)
                0x000000000800366c                . = ALIGN (0x4)
                0x000000000800366c                _sidata = LOADADDR (.data)

.data           0x0000000020000000      0x62c load address 0x000000000800366c
                0x0000000020000000                . = ALIGN (0x4)
                0x0000000020000000                _sdata = .
 *(.data)
 .data          0x0000000020000000       0x6c src/commands.o
 .data          0x000000002000006c      0x140 src/messages.o
                0x000000002000006c                message10_winner2
                0x000000002000008c                message9_winner1
                0x00000000200000ac                message7_2won
                0x00000000200000cc                message6_1won
                0x00000000200000ec                message5_go
                0x000000002000010c                message4_1
                0x000000002000012c                message3_2
                0x000000002000014c                message2_3
                0x000000002000016c                message1_ready
                0x000000002000018c                message0_reset
 .data          0x00000000200001ac       0x2a src/powerbit.o
 *fill*         0x00000000200001d6        0x2 
 .data          0x00000000200001d8       0x14 src/system_stm32f0xx.o
                0x00000000200001d8                SystemCoreClock
                0x00000000200001dc                AHBPrescTable
 .data          0x00000000200001ec       0x10 /Users/daymoon/Documents/workspace/stm32f0_stdperiph_lib/Debug/libstm32f0_stdperiph_lib.a(stm32f0xx_rcc.o)
 *(.data*)
 *fill*         0x00000000200001fc        0x4 
 .data.impure_data
                0x0000000020000200      0x428 /Applications/Ac6/SystemWorkbench.app/Contents/Eclipse/plugins/fr.ac6.mcu.externaltools.arm-none.macos64_1.17.0.201812190825/tools/compiler/bin/../lib/gcc/arm-none-eabi/7.3.1/../../../../arm-none-eabi/lib/thumb/v6-m/libc.a(lib_a-impure.o)
 .data.__atexit_recursive_mutex
                0x0000000020000628        0x4 /Applications/Ac6/SystemWorkbench.app/Contents/Eclipse/plugins/fr.ac6.mcu.externaltools.arm-none.macos64_1.17.0.201812190825/tools/compiler/bin/../lib/gcc/arm-none-eabi/7.3.1/../../../../arm-none-eabi/lib/thumb/v6-m/libc.a(lib_a-__call_atexit.o)
                0x0000000020000628                __atexit_recursive_mutex
                0x000000002000062c                . = ALIGN (0x4)
                0x000000002000062c                _edata = .

.igot.plt       0x000000002000062c        0x0 load address 0x0000000008003c98
 .igot.plt      0x000000002000062c        0x0 /Applications/Ac6/SystemWorkbench.app/Contents/Eclipse/plugins/fr.ac6.mcu.externaltools.arm-none.macos64_1.17.0.201812190825/tools/compiler/bin/../lib/gcc/arm-none-eabi/7.3.1/thumb/v6-m/crtbegin.o
                0x000000002000062c                . = ALIGN (0x4)

.bss            0x000000002000062c      0x398 load address 0x0000000008003c98
                0x000000002000062c                _sbss = .
                0x000000002000062c                __bss_start__ = _sbss
 *(.bss)
 .bss           0x000000002000062c       0x1c /Applications/Ac6/SystemWorkbench.app/Contents/Eclipse/plugins/fr.ac6.mcu.externaltools.arm-none.macos64_1.17.0.201812190825/tools/compiler/bin/../lib/gcc/arm-none-eabi/7.3.1/thumb/v6-m/crtbegin.o
 .bss           0x0000000020000648        0x1 src/delay.o
 .bss           0x0000000020000649       0x20 src/max7219.o
                0x0000000020000649                frame
 *fill*         0x0000000020000669        0x3 
 .bss           0x000000002000066c      0x134 src/powerbit.o
 .bss           0x00000000200007a0      0x168 src/scheduler.o
 .bss           0x0000000020000908       0x29 src/shoot.o
                0x000000002000090f                score_frame
 *(.bss*)
 *(COMMON)
 *fill*         0x0000000020000931        0x1 
 COMMON         0x0000000020000932        0x8 src/max7219.o
                0x0000000020000932                buffer
 COMMON         0x000000002000093a       0x64 src/usart.o
                0x000000002000093a                Rx
                0x000000002000096c                Tx
 *fill*         0x000000002000099e        0x2 
 COMMON         0x00000000200009a0       0x21 /Applications/Ac6/SystemWorkbench.app/Contents/Eclipse/plugins/fr.ac6.mcu.externaltools.arm-none.macos64_1.17.0.201812190825/tools/compiler/bin/../lib/gcc/arm-none-eabi/7.3.1/../../../../arm-none-eabi/lib/thumb/v6-m/libc.a(lib_a-lock.o)
                0x00000000200009a0                __lock___atexit_recursive_mutex
                0x00000000200009a4                __lock___arc4random_mutex
                0x00000000200009a8                __lock___env_recursive_mutex
                0x00000000200009ac                __lock___sinit_recursive_mutex
                0x00000000200009b0                __lock___malloc_recursive_mutex
                0x00000000200009b4                __lock___at_quick_exit_mutex
                0x00000000200009b8                __lock___dd_hash_mutex
                0x00000000200009bc                __lock___tz_mutex
                0x00000000200009c0                __lock___sfp_recursive_mutex
                0x00000000200009c4                . = ALIGN (0x4)
 *fill*         0x00000000200009c1        0x3 
                0x00000000200009c4                _ebss = .
                0x00000000200009c4                __bss_end__ = _ebss

._user_heap_stack
                0x00000000200009c4      0x404 load address 0x0000000008003c98
                0x00000000200009c8                . = ALIGN (0x8)
 *fill*         0x00000000200009c4        0x4 
                0x00000000200009c8                PROVIDE (end = .)
                [!provide]                        PROVIDE (_end = .)
                0x00000000200009c8                . = (. + _Min_Heap_Size)
                0x0000000020000dc8                . = (. + _Min_Stack_Size)
 *fill*         0x00000000200009c8      0x400 
                0x0000000020000dc8                . = ALIGN (0x8)

/DISCARD/
 libc.a(*)
 libm.a(*)
 libgcc.a(*)

.ARM.attributes
                0x0000000000000000       0x28
 *(.ARM.attributes)
 .ARM.attributes
                0x0000000000000000       0x1e /Applications/Ac6/SystemWorkbench.app/Contents/Eclipse/plugins/fr.ac6.mcu.externaltools.arm-none.macos64_1.17.0.201812190825/tools/compiler/bin/../lib/gcc/arm-none-eabi/7.3.1/thumb/v6-m/crti.o
 .ARM.attributes
                0x000000000000001e       0x2c /Applications/Ac6/SystemWorkbench.app/Contents/Eclipse/plugins/fr.ac6.mcu.externaltools.arm-none.macos64_1.17.0.201812190825/tools/compiler/bin/../lib/gcc/arm-none-eabi/7.3.1/thumb/v6-m/crtbegin.o
 .ARM.attributes
                0x000000000000004a       0x31 src/commands.o
 .ARM.attributes
                0x000000000000007b       0x31 src/delay.o
 .ARM.attributes
                0x00000000000000ac       0x31 src/leds.o
 .ARM.attributes
                0x00000000000000dd       0x31 src/main.o
 .ARM.attributes
                0x000000000000010e       0x31 src/max7219.o
 .ARM.attributes
                0x000000000000013f       0x31 src/messages.o
 .ARM.attributes
                0x0000000000000170       0x31 src/powerbit.o
 .ARM.attributes
                0x00000000000001a1       0x31 src/scheduler.o
 .ARM.attributes
                0x00000000000001d2       0x31 src/services.o
 .ARM.attributes
                0x0000000000000203       0x31 src/shoot.o
 .ARM.attributes
                0x0000000000000234       0x31 src/stm32f0xx_it.o
 .ARM.attributes
                0x0000000000000265       0x31 src/system_stm32f0xx.o
 .ARM.attributes
                0x0000000000000296       0x31 src/usart.o
 .ARM.attributes
                0x00000000000002c7       0x21 startup/startup_stm32.o
 .ARM.attributes
                0x00000000000002e8       0x31 /Users/daymoon/Documents/workspace/stm32f0_stdperiph_lib/Debug/libstm32f0_stdperiph_lib.a(stm32f0xx_dma.o)
 .ARM.attributes
                0x0000000000000319       0x31 /Users/daymoon/Documents/workspace/stm32f0_stdperiph_lib/Debug/libstm32f0_stdperiph_lib.a(stm32f0xx_exti.o)
 .ARM.attributes
                0x000000000000034a       0x31 /Users/daymoon/Documents/workspace/stm32f0_stdperiph_lib/Debug/libstm32f0_stdperiph_lib.a(stm32f0xx_gpio.o)
 .ARM.attributes
                0x000000000000037b       0x31 /Users/daymoon/Documents/workspace/stm32f0_stdperiph_lib/Debug/libstm32f0_stdperiph_lib.a(stm32f0xx_misc.o)
 .ARM.attributes
                0x00000000000003ac       0x31 /Users/daymoon/Documents/workspace/stm32f0_stdperiph_lib/Debug/libstm32f0_stdperiph_lib.a(stm32f0xx_rcc.o)
 .ARM.attributes
                0x00000000000003dd       0x31 /Users/daymoon/Documents/workspace/stm32f0_stdperiph_lib/Debug/libstm32f0_stdperiph_lib.a(stm32f0xx_spi.o)
 .ARM.attributes
                0x000000000000040e       0x31 /Users/daymoon/Documents/workspace/stm32f0_stdperiph_lib/Debug/libstm32f0_stdperiph_lib.a(stm32f0xx_syscfg.o)
 .ARM.attributes
                0x000000000000043f       0x31 /Users/daymoon/Documents/workspace/stm32f0_stdperiph_lib/Debug/libstm32f0_stdperiph_lib.a(stm32f0xx_tim.o)
 .ARM.attributes
                0x0000000000000470       0x31 /Users/daymoon/Documents/workspace/stm32f0_stdperiph_lib/Debug/libstm32f0_stdperiph_lib.a(stm32f0xx_usart.o)
 .ARM.attributes
                0x00000000000004a1       0x1e /Applications/Ac6/SystemWorkbench.app/Contents/Eclipse/plugins/fr.ac6.mcu.externaltools.arm-none.macos64_1.17.0.201812190825/tools/compiler/bin/../lib/gcc/arm-none-eabi/7.3.1/thumb/v6-m/libgcc.a(_thumb1_case_uqi.o)
 .ARM.attributes
                0x00000000000004bf       0x1e /Applications/Ac6/SystemWorkbench.app/Contents/Eclipse/plugins/fr.ac6.mcu.externaltools.arm-none.macos64_1.17.0.201812190825/tools/compiler/bin/../lib/gcc/arm-none-eabi/7.3.1/thumb/v6-m/libgcc.a(_udivsi3.o)
 .ARM.attributes
                0x00000000000004dd       0x1e /Applications/Ac6/SystemWorkbench.app/Contents/Eclipse/plugins/fr.ac6.mcu.externaltools.arm-none.macos64_1.17.0.201812190825/tools/compiler/bin/../lib/gcc/arm-none-eabi/7.3.1/thumb/v6-m/libgcc.a(_dvmd_tls.o)
 .ARM.attributes
                0x00000000000004fb       0x2c /Applications/Ac6/SystemWorkbench.app/Contents/Eclipse/plugins/fr.ac6.mcu.externaltools.arm-none.macos64_1.17.0.201812190825/tools/compiler/bin/../lib/gcc/arm-none-eabi/7.3.1/../../../../arm-none-eabi/lib/thumb/v6-m/libc.a(lib_a-impure.o)
 .ARM.attributes
                0x0000000000000527       0x2c /Applications/Ac6/SystemWorkbench.app/Contents/Eclipse/plugins/fr.ac6.mcu.externaltools.arm-none.macos64_1.17.0.201812190825/tools/compiler/bin/../lib/gcc/arm-none-eabi/7.3.1/../../../../arm-none-eabi/lib/thumb/v6-m/libc.a(lib_a-init.o)
 .ARM.attributes
                0x0000000000000553       0x2c /Applications/Ac6/SystemWorkbench.app/Contents/Eclipse/plugins/fr.ac6.mcu.externaltools.arm-none.macos64_1.17.0.201812190825/tools/compiler/bin/../lib/gcc/arm-none-eabi/7.3.1/../../../../arm-none-eabi/lib/thumb/v6-m/libc.a(lib_a-memcpy-stub.o)
 .ARM.attributes
                0x000000000000057f       0x2c /Applications/Ac6/SystemWorkbench.app/Contents/Eclipse/plugins/fr.ac6.mcu.externaltools.arm-none.macos64_1.17.0.201812190825/tools/compiler/bin/../lib/gcc/arm-none-eabi/7.3.1/../../../../arm-none-eabi/lib/thumb/v6-m/libc.a(lib_a-strcpy.o)
 .ARM.attributes
                0x00000000000005ab       0x2c /Applications/Ac6/SystemWorkbench.app/Contents/Eclipse/plugins/fr.ac6.mcu.externaltools.arm-none.macos64_1.17.0.201812190825/tools/compiler/bin/../lib/gcc/arm-none-eabi/7.3.1/../../../../arm-none-eabi/lib/thumb/v6-m/libc.a(lib_a-__call_atexit.o)
 .ARM.attributes
                0x00000000000005d7       0x2c /Applications/Ac6/SystemWorkbench.app/Contents/Eclipse/plugins/fr.ac6.mcu.externaltools.arm-none.macos64_1.17.0.201812190825/tools/compiler/bin/../lib/gcc/arm-none-eabi/7.3.1/../../../../arm-none-eabi/lib/thumb/v6-m/libc.a(lib_a-atexit.o)
 .ARM.attributes
                0x0000000000000603       0x2c /Applications/Ac6/SystemWorkbench.app/Contents/Eclipse/plugins/fr.ac6.mcu.externaltools.arm-none.macos64_1.17.0.201812190825/tools/compiler/bin/../lib/gcc/arm-none-eabi/7.3.1/../../../../arm-none-eabi/lib/thumb/v6-m/libc.a(lib_a-fini.o)
 .ARM.attributes
                0x000000000000062f       0x2c /Applications/Ac6/SystemWorkbench.app/Contents/Eclipse/plugins/fr.ac6.mcu.externaltools.arm-none.macos64_1.17.0.201812190825/tools/compiler/bin/../lib/gcc/arm-none-eabi/7.3.1/../../../../arm-none-eabi/lib/thumb/v6-m/libc.a(lib_a-lock.o)
 .ARM.attributes
                0x000000000000065b       0x2c /Applications/Ac6/SystemWorkbench.app/Contents/Eclipse/plugins/fr.ac6.mcu.externaltools.arm-none.macos64_1.17.0.201812190825/tools/compiler/bin/../lib/gcc/arm-none-eabi/7.3.1/../../../../arm-none-eabi/lib/thumb/v6-m/libc.a(lib_a-__atexit.o)
 .ARM.attributes
                0x0000000000000687       0x1e /Applications/Ac6/SystemWorkbench.app/Contents/Eclipse/plugins/fr.ac6.mcu.externaltools.arm-none.macos64_1.17.0.201812190825/tools/compiler/bin/../lib/gcc/arm-none-eabi/7.3.1/thumb/v6-m/crtn.o
OUTPUT(MdlkShoot.elf elf32-littlearm)

.debug_info     0x0000000000000000    0x14539
 .debug_info    0x0000000000000000     0x1600 src/commands.o
 .debug_info    0x0000000000001600      0x9b9 src/delay.o
 .debug_info    0x0000000000001fb9      0xba5 src/leds.o
 .debug_info    0x0000000000002b5e      0x9eb src/main.o
 .debug_info    0x0000000000003549     0x115a src/max7219.o
 .debug_info    0x00000000000046a3      0x19f src/messages.o
 .debug_info    0x0000000000004842     0x1d0c src/powerbit.o
 .debug_info    0x000000000000654e      0x637 src/scheduler.o
 .debug_info    0x0000000000006b85      0xc01 src/services.o
 .debug_info    0x0000000000007786     0x194f src/shoot.o
 .debug_info    0x00000000000090d5      0xd98 src/stm32f0xx_it.o
 .debug_info    0x0000000000009e6d      0x2f5 src/system_stm32f0xx.o
 .debug_info    0x000000000000a162     0x1126 src/usart.o
 .debug_info    0x000000000000b288       0x22 startup/startup_stm32.o
 .debug_info    0x000000000000b2aa      0x78f /Users/daymoon/Documents/workspace/stm32f0_stdperiph_lib/Debug/libstm32f0_stdperiph_lib.a(stm32f0xx_dma.o)
 .debug_info    0x000000000000ba39      0x45f /Users/daymoon/Documents/workspace/stm32f0_stdperiph_lib/Debug/libstm32f0_stdperiph_lib.a(stm32f0xx_exti.o)
 .debug_info    0x000000000000be98      0x9a9 /Users/daymoon/Documents/workspace/stm32f0_stdperiph_lib/Debug/libstm32f0_stdperiph_lib.a(stm32f0xx_gpio.o)
 .debug_info    0x000000000000c841      0x405 /Users/daymoon/Documents/workspace/stm32f0_stdperiph_lib/Debug/libstm32f0_stdperiph_lib.a(stm32f0xx_misc.o)
 .debug_info    0x000000000000cc46      0xf8f /Users/daymoon/Documents/workspace/stm32f0_stdperiph_lib/Debug/libstm32f0_stdperiph_lib.a(stm32f0xx_rcc.o)
 .debug_info    0x000000000000dbd5     0x1254 /Users/daymoon/Documents/workspace/stm32f0_stdperiph_lib/Debug/libstm32f0_stdperiph_lib.a(stm32f0xx_spi.o)
 .debug_info    0x000000000000ee29      0x4a9 /Users/daymoon/Documents/workspace/stm32f0_stdperiph_lib/Debug/libstm32f0_stdperiph_lib.a(stm32f0xx_syscfg.o)
 .debug_info    0x000000000000f2d2     0x3759 /Users/daymoon/Documents/workspace/stm32f0_stdperiph_lib/Debug/libstm32f0_stdperiph_lib.a(stm32f0xx_tim.o)
 .debug_info    0x0000000000012a2b     0x1b0e /Users/daymoon/Documents/workspace/stm32f0_stdperiph_lib/Debug/libstm32f0_stdperiph_lib.a(stm32f0xx_usart.o)

.debug_abbrev   0x0000000000000000     0x3058
 .debug_abbrev  0x0000000000000000      0x3d3 src/commands.o
 .debug_abbrev  0x00000000000003d3      0x274 src/delay.o
 .debug_abbrev  0x0000000000000647      0x231 src/leds.o
 .debug_abbrev  0x0000000000000878      0x1f8 src/main.o
 .debug_abbrev  0x0000000000000a70      0x27a src/max7219.o
 .debug_abbrev  0x0000000000000cea       0x66 src/messages.o
 .debug_abbrev  0x0000000000000d50      0x350 src/powerbit.o
 .debug_abbrev  0x00000000000010a0      0x252 src/scheduler.o
 .debug_abbrev  0x00000000000012f2      0x227 src/services.o
 .debug_abbrev  0x0000000000001519      0x3a1 src/shoot.o
 .debug_abbrev  0x00000000000018ba      0x25b src/stm32f0xx_it.o
 .debug_abbrev  0x0000000000001b15      0x150 src/system_stm32f0xx.o
 .debug_abbrev  0x0000000000001c65      0x2cc src/usart.o
 .debug_abbrev  0x0000000000001f31       0x12 startup/startup_stm32.o
 .debug_abbrev  0x0000000000001f43      0x1b4 /Users/daymoon/Documents/workspace/stm32f0_stdperiph_lib/Debug/libstm32f0_stdperiph_lib.a(stm32f0xx_dma.o)
 .debug_abbrev  0x00000000000020f7      0x1f6 /Users/daymoon/Documents/workspace/stm32f0_stdperiph_lib/Debug/libstm32f0_stdperiph_lib.a(stm32f0xx_exti.o)
 .debug_abbrev  0x00000000000022ed      0x1f6 /Users/daymoon/Documents/workspace/stm32f0_stdperiph_lib/Debug/libstm32f0_stdperiph_lib.a(stm32f0xx_gpio.o)
 .debug_abbrev  0x00000000000024e3      0x17a /Users/daymoon/Documents/workspace/stm32f0_stdperiph_lib/Debug/libstm32f0_stdperiph_lib.a(stm32f0xx_misc.o)
 .debug_abbrev  0x000000000000265d      0x24a /Users/daymoon/Documents/workspace/stm32f0_stdperiph_lib/Debug/libstm32f0_stdperiph_lib.a(stm32f0xx_rcc.o)
 .debug_abbrev  0x00000000000028a7      0x1fa /Users/daymoon/Documents/workspace/stm32f0_stdperiph_lib/Debug/libstm32f0_stdperiph_lib.a(stm32f0xx_spi.o)
 .debug_abbrev  0x0000000000002aa1      0x198 /Users/daymoon/Documents/workspace/stm32f0_stdperiph_lib/Debug/libstm32f0_stdperiph_lib.a(stm32f0xx_syscfg.o)
 .debug_abbrev  0x0000000000002c39      0x238 /Users/daymoon/Documents/workspace/stm32f0_stdperiph_lib/Debug/libstm32f0_stdperiph_lib.a(stm32f0xx_tim.o)
 .debug_abbrev  0x0000000000002e71      0x1e7 /Users/daymoon/Documents/workspace/stm32f0_stdperiph_lib/Debug/libstm32f0_stdperiph_lib.a(stm32f0xx_usart.o)

.debug_loc      0x0000000000000000     0x757a
 .debug_loc     0x0000000000000000      0x630 src/commands.o
 .debug_loc     0x0000000000000630       0x4e src/delay.o
 .debug_loc     0x000000000000067e      0x139 src/max7219.o
 .debug_loc     0x00000000000007b7       0x4d src/powerbit.o
 .debug_loc     0x0000000000000804      0x1f1 src/scheduler.o
 .debug_loc     0x00000000000009f5       0xb6 src/shoot.o
 .debug_loc     0x0000000000000aab       0xff src/system_stm32f0xx.o
 .debug_loc     0x0000000000000baa       0x2c src/usart.o
 .debug_loc     0x0000000000000bd6      0x4cc /Users/daymoon/Documents/workspace/stm32f0_stdperiph_lib/Debug/libstm32f0_stdperiph_lib.a(stm32f0xx_dma.o)
 .debug_loc     0x00000000000010a2      0x1eb /Users/daymoon/Documents/workspace/stm32f0_stdperiph_lib/Debug/libstm32f0_stdperiph_lib.a(stm32f0xx_exti.o)
 .debug_loc     0x000000000000128d      0x4f1 /Users/daymoon/Documents/workspace/stm32f0_stdperiph_lib/Debug/libstm32f0_stdperiph_lib.a(stm32f0xx_gpio.o)
 .debug_loc     0x000000000000177e      0x10e /Users/daymoon/Documents/workspace/stm32f0_stdperiph_lib/Debug/libstm32f0_stdperiph_lib.a(stm32f0xx_misc.o)
 .debug_loc     0x000000000000188c      0xd09 /Users/daymoon/Documents/workspace/stm32f0_stdperiph_lib/Debug/libstm32f0_stdperiph_lib.a(stm32f0xx_rcc.o)
 .debug_loc     0x0000000000002595      0xc2f /Users/daymoon/Documents/workspace/stm32f0_stdperiph_lib/Debug/libstm32f0_stdperiph_lib.a(stm32f0xx_spi.o)
 .debug_loc     0x00000000000031c4      0x27a /Users/daymoon/Documents/workspace/stm32f0_stdperiph_lib/Debug/libstm32f0_stdperiph_lib.a(stm32f0xx_syscfg.o)
 .debug_loc     0x000000000000343e     0x2b73 /Users/daymoon/Documents/workspace/stm32f0_stdperiph_lib/Debug/libstm32f0_stdperiph_lib.a(stm32f0xx_tim.o)
 .debug_loc     0x0000000000005fb1     0x15c9 /Users/daymoon/Documents/workspace/stm32f0_stdperiph_lib/Debug/libstm32f0_stdperiph_lib.a(stm32f0xx_usart.o)

.debug_aranges  0x0000000000000000      0xd60
 .debug_aranges
                0x0000000000000000       0x88 src/commands.o
 .debug_aranges
                0x0000000000000088       0x28 src/delay.o
 .debug_aranges
                0x00000000000000b0       0x20 src/leds.o
 .debug_aranges
                0x00000000000000d0       0x28 src/main.o
 .debug_aranges
                0x00000000000000f8       0x60 src/max7219.o
 .debug_aranges
                0x0000000000000158       0x18 src/messages.o
 .debug_aranges
                0x0000000000000170       0xc0 src/powerbit.o
 .debug_aranges
                0x0000000000000230       0x58 src/scheduler.o
 .debug_aranges
                0x0000000000000288       0x58 src/services.o
 .debug_aranges
                0x00000000000002e0       0xa0 src/shoot.o
 .debug_aranges
                0x0000000000000380       0x68 src/stm32f0xx_it.o
 .debug_aranges
                0x00000000000003e8       0x28 src/system_stm32f0xx.o
 .debug_aranges
                0x0000000000000410       0x40 src/usart.o
 .debug_aranges
                0x0000000000000450       0x28 startup/startup_stm32.o
 .debug_aranges
                0x0000000000000478       0x78 /Users/daymoon/Documents/workspace/stm32f0_stdperiph_lib/Debug/libstm32f0_stdperiph_lib.a(stm32f0xx_dma.o)
 .debug_aranges
                0x00000000000004f0       0x58 /Users/daymoon/Documents/workspace/stm32f0_stdperiph_lib/Debug/libstm32f0_stdperiph_lib.a(stm32f0xx_exti.o)
 .debug_aranges
                0x0000000000000548       0x80 /Users/daymoon/Documents/workspace/stm32f0_stdperiph_lib/Debug/libstm32f0_stdperiph_lib.a(stm32f0xx_gpio.o)
 .debug_aranges
                0x00000000000005c8       0x30 /Users/daymoon/Documents/workspace/stm32f0_stdperiph_lib/Debug/libstm32f0_stdperiph_lib.a(stm32f0xx_misc.o)
 .debug_aranges
                0x00000000000005f8      0x160 /Users/daymoon/Documents/workspace/stm32f0_stdperiph_lib/Debug/libstm32f0_stdperiph_lib.a(stm32f0xx_rcc.o)
 .debug_aranges
                0x0000000000000758      0x110 /Users/daymoon/Documents/workspace/stm32f0_stdperiph_lib/Debug/libstm32f0_stdperiph_lib.a(stm32f0xx_spi.o)
 .debug_aranges
                0x0000000000000868       0x68 /Users/daymoon/Documents/workspace/stm32f0_stdperiph_lib/Debug/libstm32f0_stdperiph_lib.a(stm32f0xx_syscfg.o)
 .debug_aranges
                0x00000000000008d0      0x2f0 /Users/daymoon/Documents/workspace/stm32f0_stdperiph_lib/Debug/libstm32f0_stdperiph_lib.a(stm32f0xx_tim.o)
 .debug_aranges
                0x0000000000000bc0      0x1a0 /Users/daymoon/Documents/workspace/stm32f0_stdperiph_lib/Debug/libstm32f0_stdperiph_lib.a(stm32f0xx_usart.o)

.debug_ranges   0x0000000000000000      0xd20
 .debug_ranges  0x0000000000000000       0xf0 src/commands.o
 .debug_ranges  0x00000000000000f0       0x38 src/delay.o
 .debug_ranges  0x0000000000000128       0x10 src/leds.o
 .debug_ranges  0x0000000000000138       0x18 src/main.o
 .debug_ranges  0x0000000000000150       0x50 src/max7219.o
 .debug_ranges  0x00000000000001a0       0xb0 src/powerbit.o
 .debug_ranges  0x0000000000000250       0x88 src/scheduler.o
 .debug_ranges  0x00000000000002d8       0x48 src/services.o
 .debug_ranges  0x0000000000000320       0xa8 src/shoot.o
 .debug_ranges  0x00000000000003c8       0x58 src/stm32f0xx_it.o
 .debug_ranges  0x0000000000000420       0x18 src/system_stm32f0xx.o
 .debug_ranges  0x0000000000000438       0x30 src/usart.o
 .debug_ranges  0x0000000000000468       0x20 startup/startup_stm32.o
 .debug_ranges  0x0000000000000488       0x68 /Users/daymoon/Documents/workspace/stm32f0_stdperiph_lib/Debug/libstm32f0_stdperiph_lib.a(stm32f0xx_dma.o)
 .debug_ranges  0x00000000000004f0       0x48 /Users/daymoon/Documents/workspace/stm32f0_stdperiph_lib/Debug/libstm32f0_stdperiph_lib.a(stm32f0xx_exti.o)
 .debug_ranges  0x0000000000000538       0x70 /Users/daymoon/Documents/workspace/stm32f0_stdperiph_lib/Debug/libstm32f0_stdperiph_lib.a(stm32f0xx_gpio.o)
 .debug_ranges  0x00000000000005a8       0x20 /Users/daymoon/Documents/workspace/stm32f0_stdperiph_lib/Debug/libstm32f0_stdperiph_lib.a(stm32f0xx_misc.o)
 .debug_ranges  0x00000000000005c8      0x150 /Users/daymoon/Documents/workspace/stm32f0_stdperiph_lib/Debug/libstm32f0_stdperiph_lib.a(stm32f0xx_rcc.o)
 .debug_ranges  0x0000000000000718      0x100 /Users/daymoon/Documents/workspace/stm32f0_stdperiph_lib/Debug/libstm32f0_stdperiph_lib.a(stm32f0xx_spi.o)
 .debug_ranges  0x0000000000000818       0x58 /Users/daymoon/Documents/workspace/stm32f0_stdperiph_lib/Debug/libstm32f0_stdperiph_lib.a(stm32f0xx_syscfg.o)
 .debug_ranges  0x0000000000000870      0x320 /Users/daymoon/Documents/workspace/stm32f0_stdperiph_lib/Debug/libstm32f0_stdperiph_lib.a(stm32f0xx_tim.o)
 .debug_ranges  0x0000000000000b90      0x190 /Users/daymoon/Documents/workspace/stm32f0_stdperiph_lib/Debug/libstm32f0_stdperiph_lib.a(stm32f0xx_usart.o)

.debug_macro    0x0000000000000000    0x11bf7
 .debug_macro   0x0000000000000000      0x420 src/commands.o
 .debug_macro   0x0000000000000420      0xa5a src/commands.o
 .debug_macro   0x0000000000000e7a       0x87 src/commands.o
 .debug_macro   0x0000000000000f01       0x3a src/commands.o
 .debug_macro   0x0000000000000f3b       0x22 src/commands.o
 .debug_macro   0x0000000000000f5d       0x8e src/commands.o
 .debug_macro   0x0000000000000feb       0x51 src/commands.o
 .debug_macro   0x000000000000103c       0xef src/commands.o
 .debug_macro   0x000000000000112b       0x6a src/commands.o
 .debug_macro   0x0000000000001195      0x1df src/commands.o
 .debug_macro   0x0000000000001374       0x1f src/commands.o
 .debug_macro   0x0000000000001393      0x242 src/commands.o
 .debug_macro   0x00000000000015d5     0x62f2 src/commands.o
 .debug_macro   0x00000000000078c7      0x2eb src/commands.o
 .debug_macro   0x0000000000007bb2      0x3cf src/commands.o
 .debug_macro   0x0000000000007f81      0x191 src/commands.o
 .debug_macro   0x0000000000008112       0x46 src/commands.o
 .debug_macro   0x0000000000008158       0xd9 src/commands.o
 .debug_macro   0x0000000000008231       0xef src/commands.o
 .debug_macro   0x0000000000008320      0x184 src/commands.o
 .debug_macro   0x00000000000084a4       0x7c src/commands.o
 .debug_macro   0x0000000000008520      0x85b src/commands.o
 .debug_macro   0x0000000000008d7b       0xd5 src/commands.o
 .debug_macro   0x0000000000008e50      0x2b7 src/commands.o
 .debug_macro   0x0000000000009107      0x185 src/commands.o
 .debug_macro   0x000000000000928c      0x471 src/commands.o
 .debug_macro   0x00000000000096fd      0x2a0 src/commands.o
 .debug_macro   0x000000000000999d       0x70 src/commands.o
 .debug_macro   0x0000000000009a0d       0xdf src/commands.o
 .debug_macro   0x0000000000009aec      0x561 src/commands.o
 .debug_macro   0x000000000000a04d      0x4c5 src/commands.o
 .debug_macro   0x000000000000a512      0x396 src/commands.o
 .debug_macro   0x000000000000a8a8      0x750 src/commands.o
 .debug_macro   0x000000000000aff8      0x356 src/commands.o
 .debug_macro   0x000000000000b34e       0x34 src/commands.o
 .debug_macro   0x000000000000b382       0x3a src/commands.o
 .debug_macro   0x000000000000b3bc       0x10 src/commands.o
 .debug_macro   0x000000000000b3cc       0x64 src/commands.o
 .debug_macro   0x000000000000b430       0x6a src/commands.o
 .debug_macro   0x000000000000b49a       0x16 src/commands.o
 .debug_macro   0x000000000000b4b0       0x10 src/commands.o
 .debug_macro   0x000000000000b4c0       0x22 src/commands.o
 .debug_macro   0x000000000000b4e2       0x46 src/commands.o
 .debug_macro   0x000000000000b528       0x5e src/commands.o
 .debug_macro   0x000000000000b586       0x18 src/commands.o
 .debug_macro   0x000000000000b59e       0x35 src/commands.o
 .debug_macro   0x000000000000b5d3       0x34 src/commands.o
 .debug_macro   0x000000000000b607       0x16 src/commands.o
 .debug_macro   0x000000000000b61d       0x97 src/commands.o
 .debug_macro   0x000000000000b6b4      0x330 src/commands.o
 .debug_macro   0x000000000000b9e4       0xfd src/commands.o
 .debug_macro   0x000000000000bae1       0x10 src/commands.o
 .debug_macro   0x000000000000baf1       0x58 src/commands.o
 .debug_macro   0x000000000000bb49       0x1f src/commands.o
 .debug_macro   0x000000000000bb68       0x43 src/commands.o
 .debug_macro   0x000000000000bbab       0x20 src/commands.o
 .debug_macro   0x000000000000bbcb      0x18e src/commands.o
 .debug_macro   0x000000000000bd59       0x10 src/commands.o
 .debug_macro   0x000000000000bd69       0x1c src/commands.o
 .debug_macro   0x000000000000bd85       0x52 src/commands.o
 .debug_macro   0x000000000000bdd7       0x40 src/commands.o
 .debug_macro   0x000000000000be17       0x10 src/commands.o
 .debug_macro   0x000000000000be27       0x40 src/commands.o
 .debug_macro   0x000000000000be67       0xd7 src/commands.o
 .debug_macro   0x000000000000bf3e       0x1c src/commands.o
 .debug_macro   0x000000000000bf5a       0x3d src/commands.o
 .debug_macro   0x000000000000bf97       0x16 src/commands.o
 .debug_macro   0x000000000000bfad      0x16f src/commands.o
 .debug_macro   0x000000000000c11c      0x166 src/commands.o
 .debug_macro   0x000000000000c282       0x16 src/commands.o
 .debug_macro   0x000000000000c298       0x35 src/commands.o
 .debug_macro   0x000000000000c2cd      0x35c src/delay.o
 .debug_macro   0x000000000000c629       0x10 src/delay.o
 .debug_macro   0x000000000000c639       0x1c src/delay.o
 .debug_macro   0x000000000000c655      0x356 src/leds.o
 .debug_macro   0x000000000000c9ab      0x372 src/main.o
 .debug_macro   0x000000000000cd1d       0x9a src/main.o
 .debug_macro   0x000000000000cdb7       0xb8 src/main.o
 .debug_macro   0x000000000000ce6f      0x365 src/max7219.o
 .debug_macro   0x000000000000d1d4       0xb2 src/max7219.o
 .debug_macro   0x000000000000d286      0x1b3 src/messages.o
 .debug_macro   0x000000000000d439      0x350 src/powerbit.o
 .debug_macro   0x000000000000d789      0x1a0 src/scheduler.o
 .debug_macro   0x000000000000d929       0x22 src/scheduler.o
 .debug_macro   0x000000000000d94b      0x35b src/services.o
 .debug_macro   0x000000000000dca6      0x37e src/shoot.o
 .debug_macro   0x000000000000e024       0x94 src/shoot.o
 .debug_macro   0x000000000000e0b8      0x389 src/stm32f0xx_it.o
 .debug_macro   0x000000000000e441       0x22 src/stm32f0xx_it.o
 .debug_macro   0x000000000000e463      0x18e src/system_stm32f0xx.o
 .debug_macro   0x000000000000e5f1      0x261 src/usart.o
 .debug_macro   0x000000000000e852       0x64 src/usart.o
 .debug_macro   0x000000000000e8b6      0x174 src/usart.o
 .debug_macro   0x000000000000ea2a       0x10 src/usart.o
 .debug_macro   0x000000000000ea3a      0x1e6 /Users/daymoon/Documents/workspace/stm32f0_stdperiph_lib/Debug/libstm32f0_stdperiph_lib.a(stm32f0xx_dma.o)
 .debug_macro   0x000000000000ec20      0x855 /Users/daymoon/Documents/workspace/stm32f0_stdperiph_lib/Debug/libstm32f0_stdperiph_lib.a(stm32f0xx_dma.o)
 .debug_macro   0x000000000000f475      0x198 /Users/daymoon/Documents/workspace/stm32f0_stdperiph_lib/Debug/libstm32f0_stdperiph_lib.a(stm32f0xx_exti.o)
 .debug_macro   0x000000000000f60d       0xcf /Users/daymoon/Documents/workspace/stm32f0_stdperiph_lib/Debug/libstm32f0_stdperiph_lib.a(stm32f0xx_exti.o)
 .debug_macro   0x000000000000f6dc      0x196 /Users/daymoon/Documents/workspace/stm32f0_stdperiph_lib/Debug/libstm32f0_stdperiph_lib.a(stm32f0xx_gpio.o)
 .debug_macro   0x000000000000f872      0x17f /Users/daymoon/Documents/workspace/stm32f0_stdperiph_lib/Debug/libstm32f0_stdperiph_lib.a(stm32f0xx_gpio.o)
 .debug_macro   0x000000000000f9f1      0x192 /Users/daymoon/Documents/workspace/stm32f0_stdperiph_lib/Debug/libstm32f0_stdperiph_lib.a(stm32f0xx_misc.o)
 .debug_macro   0x000000000000fb83       0x34 /Users/daymoon/Documents/workspace/stm32f0_stdperiph_lib/Debug/libstm32f0_stdperiph_lib.a(stm32f0xx_misc.o)
 .debug_macro   0x000000000000fbb7      0x1b0 /Users/daymoon/Documents/workspace/stm32f0_stdperiph_lib/Debug/libstm32f0_stdperiph_lib.a(stm32f0xx_rcc.o)
 .debug_macro   0x000000000000fd67      0x55b /Users/daymoon/Documents/workspace/stm32f0_stdperiph_lib/Debug/libstm32f0_stdperiph_lib.a(stm32f0xx_rcc.o)
 .debug_macro   0x00000000000102c2      0x1ae /Users/daymoon/Documents/workspace/stm32f0_stdperiph_lib/Debug/libstm32f0_stdperiph_lib.a(stm32f0xx_spi.o)
 .debug_macro   0x0000000000010470      0x390 /Users/daymoon/Documents/workspace/stm32f0_stdperiph_lib/Debug/libstm32f0_stdperiph_lib.a(stm32f0xx_spi.o)
 .debug_macro   0x0000000000010800      0x192 /Users/daymoon/Documents/workspace/stm32f0_stdperiph_lib/Debug/libstm32f0_stdperiph_lib.a(stm32f0xx_syscfg.o)
 .debug_macro   0x0000000000010992      0x46b /Users/daymoon/Documents/workspace/stm32f0_stdperiph_lib/Debug/libstm32f0_stdperiph_lib.a(stm32f0xx_syscfg.o)
 .debug_macro   0x0000000000010dfd      0x1b2 /Users/daymoon/Documents/workspace/stm32f0_stdperiph_lib/Debug/libstm32f0_stdperiph_lib.a(stm32f0xx_tim.o)
 .debug_macro   0x0000000000010faf      0x74a /Users/daymoon/Documents/workspace/stm32f0_stdperiph_lib/Debug/libstm32f0_stdperiph_lib.a(stm32f0xx_tim.o)
 .debug_macro   0x00000000000116f9      0x1ae /Users/daymoon/Documents/workspace/stm32f0_stdperiph_lib/Debug/libstm32f0_stdperiph_lib.a(stm32f0xx_usart.o)
 .debug_macro   0x00000000000118a7      0x350 /Users/daymoon/Documents/workspace/stm32f0_stdperiph_lib/Debug/libstm32f0_stdperiph_lib.a(stm32f0xx_usart.o)

.debug_line     0x0000000000000000     0xf3ba
 .debug_line    0x0000000000000000      0xac2 src/commands.o
 .debug_line    0x0000000000000ac2      0x887 src/delay.o
 .debug_line    0x0000000000001349      0x874 src/leds.o
 .debug_line    0x0000000000001bbd      0x89d src/main.o
 .debug_line    0x000000000000245a      0x9c0 src/max7219.o
 .debug_line    0x0000000000002e1a      0x6e9 src/messages.o
 .debug_line    0x0000000000003503      0xb25 src/powerbit.o
 .debug_line    0x0000000000004028      0x805 src/scheduler.o
 .debug_line    0x000000000000482d      0x8fe src/services.o
 .debug_line    0x000000000000512b      0xaf5 src/shoot.o
 .debug_line    0x0000000000005c20      0x969 src/stm32f0xx_it.o
 .debug_line    0x0000000000006589      0x721 src/system_stm32f0xx.o
 .debug_line    0x0000000000006caa      0x827 src/usart.o
 .debug_line    0x00000000000074d1       0x7c startup/startup_stm32.o
 .debug_line    0x000000000000754d      0xbf1 /Users/daymoon/Documents/workspace/stm32f0_stdperiph_lib/Debug/libstm32f0_stdperiph_lib.a(stm32f0xx_dma.o)
 .debug_line    0x000000000000813e      0x86e /Users/daymoon/Documents/workspace/stm32f0_stdperiph_lib/Debug/libstm32f0_stdperiph_lib.a(stm32f0xx_exti.o)
 .debug_line    0x00000000000089ac      0xa7c /Users/daymoon/Documents/workspace/stm32f0_stdperiph_lib/Debug/libstm32f0_stdperiph_lib.a(stm32f0xx_gpio.o)
 .debug_line    0x0000000000009428      0x72c /Users/daymoon/Documents/workspace/stm32f0_stdperiph_lib/Debug/libstm32f0_stdperiph_lib.a(stm32f0xx_misc.o)
 .debug_line    0x0000000000009b54      0xd74 /Users/daymoon/Documents/workspace/stm32f0_stdperiph_lib/Debug/libstm32f0_stdperiph_lib.a(stm32f0xx_rcc.o)
 .debug_line    0x000000000000a8c8      0xcca /Users/daymoon/Documents/workspace/stm32f0_stdperiph_lib/Debug/libstm32f0_stdperiph_lib.a(stm32f0xx_spi.o)
 .debug_line    0x000000000000b592      0x8d6 /Users/daymoon/Documents/workspace/stm32f0_stdperiph_lib/Debug/libstm32f0_stdperiph_lib.a(stm32f0xx_syscfg.o)
 .debug_line    0x000000000000be68     0x201b /Users/daymoon/Documents/workspace/stm32f0_stdperiph_lib/Debug/libstm32f0_stdperiph_lib.a(stm32f0xx_tim.o)
 .debug_line    0x000000000000de83     0x1537 /Users/daymoon/Documents/workspace/stm32f0_stdperiph_lib/Debug/libstm32f0_stdperiph_lib.a(stm32f0xx_usart.o)

.debug_str      0x0000000000000000    0x53c79
 .debug_str     0x0000000000000000    0x4f64a src/commands.o
                                      0x4f8ba (size before relaxing)
 .debug_str     0x000000000004f64a       0x88 src/delay.o
                                      0x4f45e (size before relaxing)
 .debug_str     0x000000000004f6d2      0x1bc src/leds.o
                                      0x4f5c6 (size before relaxing)
 .debug_str     0x000000000004f88e      0x4bc src/main.o
                                      0x4f8a7 (size before relaxing)
 .debug_str     0x000000000004fd4a      0x231 src/max7219.o
                                      0x4fa19 (size before relaxing)
 .debug_str     0x000000000004ff7b       0xa9 src/messages.o
                                      0x4ac8c (size before relaxing)
 .debug_str     0x0000000000050024      0x8b2 src/powerbit.o
                                      0x50081 (size before relaxing)
 .debug_str     0x00000000000508d6      0x1ea src/scheduler.o
                                      0x4ad4e (size before relaxing)
 .debug_str     0x0000000000050ac0      0x131 src/services.o
                                      0x4f7db (size before relaxing)
 .debug_str     0x0000000000050bf1      0x42f src/shoot.o
                                      0x50395 (size before relaxing)
 .debug_str     0x0000000000051020      0x1fc src/stm32f0xx_it.o
                                      0x4fafe (size before relaxing)
 .debug_str     0x000000000005121c       0xfc src/system_stm32f0xx.o
                                      0x4aa22 (size before relaxing)
 .debug_str     0x0000000000051318       0xc0 src/usart.o
                                      0x4dfd9 (size before relaxing)
 .debug_str     0x00000000000513d8       0x29 startup/startup_stm32.o
                                         0x5c (size before relaxing)
 .debug_str     0x0000000000051401      0x9ba /Users/daymoon/Documents/workspace/stm32f0_stdperiph_lib/Debug/libstm32f0_stdperiph_lib.a(stm32f0xx_dma.o)
                                      0x4ae66 (size before relaxing)
 .debug_str     0x0000000000051dbb       0xe3 /Users/daymoon/Documents/workspace/stm32f0_stdperiph_lib/Debug/libstm32f0_stdperiph_lib.a(stm32f0xx_exti.o)
                                      0x4a913 (size before relaxing)
 .debug_str     0x0000000000051e9e      0x135 /Users/daymoon/Documents/workspace/stm32f0_stdperiph_lib/Debug/libstm32f0_stdperiph_lib.a(stm32f0xx_gpio.o)
                                      0x4aa3e (size before relaxing)
 .debug_str     0x0000000000051fd3       0xa4 /Users/daymoon/Documents/workspace/stm32f0_stdperiph_lib/Debug/libstm32f0_stdperiph_lib.a(stm32f0xx_misc.o)
                                      0x4a892 (size before relaxing)
 .debug_str     0x0000000000052077      0x5a1 /Users/daymoon/Documents/workspace/stm32f0_stdperiph_lib/Debug/libstm32f0_stdperiph_lib.a(stm32f0xx_rcc.o)
                                      0x4adf9 (size before relaxing)
 .debug_str     0x0000000000052618      0x3d4 /Users/daymoon/Documents/workspace/stm32f0_stdperiph_lib/Debug/libstm32f0_stdperiph_lib.a(stm32f0xx_spi.o)
                                      0x4ad9f (size before relaxing)
 .debug_str     0x00000000000529ec      0x1c2 /Users/daymoon/Documents/workspace/stm32f0_stdperiph_lib/Debug/libstm32f0_stdperiph_lib.a(stm32f0xx_syscfg.o)
                                      0x4a914 (size before relaxing)
 .debug_str     0x0000000000052bae      0x9a4 /Users/daymoon/Documents/workspace/stm32f0_stdperiph_lib/Debug/libstm32f0_stdperiph_lib.a(stm32f0xx_tim.o)
                                      0x4b429 (size before relaxing)
 .debug_str     0x0000000000053552      0x727 /Users/daymoon/Documents/workspace/stm32f0_stdperiph_lib/Debug/libstm32f0_stdperiph_lib.a(stm32f0xx_usart.o)
                                      0x4b090 (size before relaxing)

.comment        0x0000000000000000       0x7f
 .comment       0x0000000000000000       0x7f src/commands.o
                                         0x80 (size before relaxing)
 .comment       0x000000000000007f       0x80 src/delay.o
 .comment       0x000000000000007f       0x80 src/leds.o
 .comment       0x000000000000007f       0x80 src/main.o
 .comment       0x000000000000007f       0x80 src/max7219.o
 .comment       0x000000000000007f       0x80 src/messages.o
 .comment       0x000000000000007f       0x80 src/powerbit.o
 .comment       0x000000000000007f       0x80 src/scheduler.o
 .comment       0x000000000000007f       0x80 src/services.o
 .comment       0x000000000000007f       0x80 src/shoot.o
 .comment       0x000000000000007f       0x80 src/stm32f0xx_it.o
 .comment       0x000000000000007f       0x80 src/system_stm32f0xx.o
 .comment       0x000000000000007f       0x80 src/usart.o
 .comment       0x000000000000007f       0x80 /Users/daymoon/Documents/workspace/stm32f0_stdperiph_lib/Debug/libstm32f0_stdperiph_lib.a(stm32f0xx_dma.o)
 .comment       0x000000000000007f       0x80 /Users/daymoon/Documents/workspace/stm32f0_stdperiph_lib/Debug/libstm32f0_stdperiph_lib.a(stm32f0xx_exti.o)
 .comment       0x000000000000007f       0x80 /Users/daymoon/Documents/workspace/stm32f0_stdperiph_lib/Debug/libstm32f0_stdperiph_lib.a(stm32f0xx_gpio.o)
 .comment       0x000000000000007f       0x80 /Users/daymoon/Documents/workspace/stm32f0_stdperiph_lib/Debug/libstm32f0_stdperiph_lib.a(stm32f0xx_misc.o)
 .comment       0x000000000000007f       0x80 /Users/daymoon/Documents/workspace/stm32f0_stdperiph_lib/Debug/libstm32f0_stdperiph_lib.a(stm32f0xx_rcc.o)
 .comment       0x000000000000007f       0x80 /Users/daymoon/Documents/workspace/stm32f0_stdperiph_lib/Debug/libstm32f0_stdperiph_lib.a(stm32f0xx_spi.o)
 .comment       0x000000000000007f       0x80 /Users/daymoon/Documents/workspace/stm32f0_stdperiph_lib/Debug/libstm32f0_stdperiph_lib.a(stm32f0xx_syscfg.o)
 .comment       0x000000000000007f       0x80 /Users/daymoon/Documents/workspace/stm32f0_stdperiph_lib/Debug/libstm32f0_stdperiph_lib.a(stm32f0xx_tim.o)
 .comment       0x000000000000007f       0x80 /Users/daymoon/Documents/workspace/stm32f0_stdperiph_lib/Debug/libstm32f0_stdperiph_lib.a(stm32f0xx_usart.o)

.debug_frame    0x0000000000000000     0x2784
 .debug_frame   0x0000000000000000      0x174 src/commands.o
 .debug_frame   0x0000000000000174       0x38 src/delay.o
 .debug_frame   0x00000000000001ac       0x34 src/leds.o
 .debug_frame   0x00000000000001e0       0x38 src/main.o
 .debug_frame   0x0000000000000218      0x104 src/max7219.o
 .debug_frame   0x000000000000031c      0x1f4 src/powerbit.o
 .debug_frame   0x0000000000000510       0xd4 src/scheduler.o
 .debug_frame   0x00000000000005e4       0xd4 src/services.o
 .debug_frame   0x00000000000006b8      0x198 src/shoot.o
 .debug_frame   0x0000000000000850       0xe4 src/stm32f0xx_it.o
 .debug_frame   0x0000000000000934       0x40 src/system_stm32f0xx.o
 .debug_frame   0x0000000000000974       0x88 src/usart.o
 .debug_frame   0x00000000000009fc      0x140 /Users/daymoon/Documents/workspace/stm32f0_stdperiph_lib/Debug/libstm32f0_stdperiph_lib.a(stm32f0xx_dma.o)
 .debug_frame   0x0000000000000b3c       0xc4 /Users/daymoon/Documents/workspace/stm32f0_stdperiph_lib/Debug/libstm32f0_stdperiph_lib.a(stm32f0xx_exti.o)
 .debug_frame   0x0000000000000c00      0x16c /Users/daymoon/Documents/workspace/stm32f0_stdperiph_lib/Debug/libstm32f0_stdperiph_lib.a(stm32f0xx_gpio.o)
 .debug_frame   0x0000000000000d6c       0x64 /Users/daymoon/Documents/workspace/stm32f0_stdperiph_lib/Debug/libstm32f0_stdperiph_lib.a(stm32f0xx_misc.o)
 .debug_frame   0x0000000000000dd0      0x400 /Users/daymoon/Documents/workspace/stm32f0_stdperiph_lib/Debug/libstm32f0_stdperiph_lib.a(stm32f0xx_rcc.o)
 .debug_frame   0x00000000000011d0      0x324 /Users/daymoon/Documents/workspace/stm32f0_stdperiph_lib/Debug/libstm32f0_stdperiph_lib.a(stm32f0xx_spi.o)
 .debug_frame   0x00000000000014f4      0x110 /Users/daymoon/Documents/workspace/stm32f0_stdperiph_lib/Debug/libstm32f0_stdperiph_lib.a(stm32f0xx_syscfg.o)
 .debug_frame   0x0000000000001604      0x9f8 /Users/daymoon/Documents/workspace/stm32f0_stdperiph_lib/Debug/libstm32f0_stdperiph_lib.a(stm32f0xx_tim.o)
 .debug_frame   0x0000000000001ffc      0x558 /Users/daymoon/Documents/workspace/stm32f0_stdperiph_lib/Debug/libstm32f0_stdperiph_lib.a(stm32f0xx_usart.o)
 .debug_frame   0x0000000000002554       0x20 /Applications/Ac6/SystemWorkbench.app/Contents/Eclipse/plugins/fr.ac6.mcu.externaltools.arm-none.macos64_1.17.0.201812190825/tools/compiler/bin/../lib/gcc/arm-none-eabi/7.3.1/thumb/v6-m/libgcc.a(_udivsi3.o)
 .debug_frame   0x0000000000002574       0x2c /Applications/Ac6/SystemWorkbench.app/Contents/Eclipse/plugins/fr.ac6.mcu.externaltools.arm-none.macos64_1.17.0.201812190825/tools/compiler/bin/../lib/gcc/arm-none-eabi/7.3.1/../../../../arm-none-eabi/lib/thumb/v6-m/libc.a(lib_a-init.o)
 .debug_frame   0x00000000000025a0       0x30 /Applications/Ac6/SystemWorkbench.app/Contents/Eclipse/plugins/fr.ac6.mcu.externaltools.arm-none.macos64_1.17.0.201812190825/tools/compiler/bin/../lib/gcc/arm-none-eabi/7.3.1/../../../../arm-none-eabi/lib/thumb/v6-m/libc.a(lib_a-memcpy-stub.o)
 .debug_frame   0x00000000000025d0       0x20 /Applications/Ac6/SystemWorkbench.app/Contents/Eclipse/plugins/fr.ac6.mcu.externaltools.arm-none.macos64_1.17.0.201812190825/tools/compiler/bin/../lib/gcc/arm-none-eabi/7.3.1/../../../../arm-none-eabi/lib/thumb/v6-m/libc.a(lib_a-strcpy.o)
 .debug_frame   0x00000000000025f0       0x54 /Applications/Ac6/SystemWorkbench.app/Contents/Eclipse/plugins/fr.ac6.mcu.externaltools.arm-none.macos64_1.17.0.201812190825/tools/compiler/bin/../lib/gcc/arm-none-eabi/7.3.1/../../../../arm-none-eabi/lib/thumb/v6-m/libc.a(lib_a-__call_atexit.o)
 .debug_frame   0x0000000000002644       0x28 /Applications/Ac6/SystemWorkbench.app/Contents/Eclipse/plugins/fr.ac6.mcu.externaltools.arm-none.macos64_1.17.0.201812190825/tools/compiler/bin/../lib/gcc/arm-none-eabi/7.3.1/../../../../arm-none-eabi/lib/thumb/v6-m/libc.a(lib_a-atexit.o)
 .debug_frame   0x000000000000266c       0x2c /Applications/Ac6/SystemWorkbench.app/Contents/Eclipse/plugins/fr.ac6.mcu.externaltools.arm-none.macos64_1.17.0.201812190825/tools/compiler/bin/../lib/gcc/arm-none-eabi/7.3.1/../../../../arm-none-eabi/lib/thumb/v6-m/libc.a(lib_a-fini.o)
 .debug_frame   0x0000000000002698       0xb0 /Applications/Ac6/SystemWorkbench.app/Contents/Eclipse/plugins/fr.ac6.mcu.externaltools.arm-none.macos64_1.17.0.201812190825/tools/compiler/bin/../lib/gcc/arm-none-eabi/7.3.1/../../../../arm-none-eabi/lib/thumb/v6-m/libc.a(lib_a-lock.o)
 .debug_frame   0x0000000000002748       0x3c /Applications/Ac6/SystemWorkbench.app/Contents/Eclipse/plugins/fr.ac6.mcu.externaltools.arm-none.macos64_1.17.0.201812190825/tools/compiler/bin/../lib/gcc/arm-none-eabi/7.3.1/../../../../arm-none-eabi/lib/thumb/v6-m/libc.a(lib_a-__atexit.o)
